[Sun Aug 04 15:41:22.976304 2024] [ssl:warn] [pid 1] AH01882: Init: this version of mod_ssl was compiled against a newer library (OpenSSL 3.0.13 30 Jan 2024 (OpenSSL 3.0.11 19 Sep 2023), version currently loaded is 0x300000B0) - may result in undefined or erroneous behavior
AH00558: apache2: Could not reliably determine the server's fully qualified domain name, using 172.30.0.4. Set the 'ServerName' directive globally to suppress this message
[Sun Aug 04 15:41:23.018858 2024] [ssl:warn] [pid 1] AH01882: Init: this version of mod_ssl was compiled against a newer library (OpenSSL 3.0.13 30 Jan 2024 (OpenSSL 3.0.11 19 Sep 2023), version currently loaded is 0x300000B0) - may result in undefined or erroneous behavior
[Sun Aug 04 15:41:23.028595 2024] [mpm_prefork:notice] [pid 1] AH00163: Apache/2.4.59 (Debian) PHP/8.3.8 OpenSSL/3.0.11 configured -- resuming normal operations
[Sun Aug 04 15:41:23.029223 2024] [core:notice] [pid 1] AH00094: Command line: 'apache2 -D FOREGROUND'
[Sun Aug 04 15:42:32.418010 2024] [php:notice] [pid 19] [client 192.168.65.1:35413] Requ\xc3\xaate re\xc3\xa7ue : /
[Sun Aug 04 15:42:32.523988 2024] [php:notice] [pid 19] [client 192.168.65.1:35413] Requ\xc3\xaate re\xc3\xa7ue : /favicon.ico, referer: http://localhost:8888/
[Sun Aug 04 15:42:38.963705 2024] [php:notice] [pid 19] [client 192.168.65.1:35413] Requ\xc3\xaate re\xc3\xa7ue : /api/login, referer: http://localhost:8888/login.php
[Sun Aug 04 15:43:13.976304 2024] [php:notice] [pid 25] [client 192.168.65.1:32840] Requ\xc3\xaate re\xc3\xa7ue : /api/register, referer: http://localhost:8888/creationCompte.php
[Sun Aug 04 15:49:40.458126 2024] [php:notice] [pid 27] [client 192.168.65.1:26972] Requ\xc3\xaate re\xc3\xa7ue : /api/register, referer: http://localhost:8888/creationCompte.php
[Sun Aug 04 15:49:59.593685 2024] [php:notice] [pid 28] [client 192.168.65.1:23989] Requ\xc3\xaate re\xc3\xa7ue : /api/register, referer: http://localhost:8888/creationCompte.php
[Sun Aug 04 15:51:45.470043 2024] [mpm_prefork:notice] [pid 1] AH00170: caught SIGWINCH, shutting down gracefully
[Sun Aug 04 15:51:52.115423 2024] [ssl:warn] [pid 1] AH01882: Init: this version of mod_ssl was compiled against a newer library (OpenSSL 3.0.13 30 Jan 2024 (OpenSSL 3.0.11 19 Sep 2023), version currently loaded is 0x300000B0) - may result in undefined or erroneous behavior
AH00558: apache2: Could not reliably determine the server's fully qualified domain name, using 172.31.0.4. Set the 'ServerName' directive globally to suppress this message
[Sun Aug 04 15:51:52.155757 2024] [ssl:warn] [pid 1] AH01882: Init: this version of mod_ssl was compiled against a newer library (OpenSSL 3.0.13 30 Jan 2024 (OpenSSL 3.0.11 19 Sep 2023), version currently loaded is 0x300000B0) - may result in undefined or erroneous behavior
[Sun Aug 04 15:51:52.171482 2024] [mpm_prefork:notice] [pid 1] AH00163: Apache/2.4.59 (Debian) PHP/8.3.8 OpenSSL/3.0.11 configured -- resuming normal operations
[Sun Aug 04 15:51:52.171839 2024] [core:notice] [pid 1] AH00094: Command line: 'apache2 -D FOREGROUND'
[Sun Aug 04 15:54:21.157023 2024] [mpm_prefork:notice] [pid 1] AH00170: caught SIGWINCH, shutting down gracefully
[Sun Aug 04 15:54:27.736044 2024] [ssl:warn] [pid 1] AH01882: Init: this version of mod_ssl was compiled against a newer library (OpenSSL 3.0.13 30 Jan 2024 (OpenSSL 3.0.11 19 Sep 2023), version currently loaded is 0x300000B0) - may result in undefined or erroneous behavior
AH00558: apache2: Could not reliably determine the server's fully qualified domain name, using 192.168.0.4. Set the 'ServerName' directive globally to suppress this message
[Sun Aug 04 15:54:27.770237 2024] [ssl:warn] [pid 1] AH01882: Init: this version of mod_ssl was compiled against a newer library (OpenSSL 3.0.13 30 Jan 2024 (OpenSSL 3.0.11 19 Sep 2023), version currently loaded is 0x300000B0) - may result in undefined or erroneous behavior
[Sun Aug 04 15:54:27.775463 2024] [mpm_prefork:notice] [pid 1] AH00163: Apache/2.4.59 (Debian) PHP/8.3.8 OpenSSL/3.0.11 configured -- resuming normal operations
[Sun Aug 04 15:54:27.775697 2024] [core:notice] [pid 1] AH00094: Command line: 'apache2 -D FOREGROUND'
[Sun Aug 04 15:54:36.221531 2024] [php:notice] [pid 17] [client 192.168.65.1:22884] Requ\xc3\xaate re\xc3\xa7ue : /
[Sun Aug 04 15:55:13.057576 2024] [php:notice] [pid 18] [client 192.168.65.1:51272] Requ\xc3\xaate re\xc3\xa7ue : /api/register, referer: http://localhost:8888/creationCompte.php
[Sun Aug 04 15:57:23.465606 2024] [php:notice] [pid 19] [client 192.168.65.1:34976] Requ\xc3\xaate re\xc3\xa7ue : /api/register, referer: http://localhost:8888/creationCompte.php
[Sun Aug 04 15:57:36.339406 2024] [php:notice] [pid 20] [client 192.168.65.1:56285] Requ\xc3\xaate re\xc3\xa7ue : /api/login, referer: http://localhost:8888/login.php
[Sun Aug 04 16:35:33.856368 2024] [php:notice] [pid 21] [client 192.168.65.1:27058] Requ\xc3\xaate re\xc3\xa7ue : /api/articles
[Sun Aug 04 16:36:19.634602 2024] [php:notice] [pid 22] [client 192.168.65.1:63400] Requ\xc3\xaate re\xc3\xa7ue : /api/articles
[Sun Aug 04 16:39:23.551938 2024] [php:notice] [pid 17] [client 192.168.65.1:54861] Requ\xc3\xaate re\xc3\xa7ue : /api/register
[Sun Aug 04 16:39:35.982052 2024] [php:notice] [pid 18] [client 192.168.65.1:32143] Requ\xc3\xaate re\xc3\xa7ue : /api/register
[Sun Aug 04 16:40:11.128492 2024] [php:notice] [pid 19] [client 192.168.65.1:62324] Requ\xc3\xaate re\xc3\xa7ue : /api/register
[Sun Aug 04 16:44:17.788124 2024] [php:notice] [pid 20] [client 192.168.65.1:27947] Requ\xc3\xaate re\xc3\xa7ue : /api/register
[Sun Aug 04 16:51:41.872551 2024] [php:notice] [pid 21] [client 192.168.65.1:33696] Requ\xc3\xaate re\xc3\xa7ue : /api/login
[Sun Aug 04 16:51:42.413878 2024] [php:notice] [pid 22] [client 192.168.65.1:44353] Requ\xc3\xaate re\xc3\xa7ue : /api/utilisateurs/3
[Sun Aug 04 16:51:47.195073 2024] [php:notice] [pid 17] [client 192.168.65.1:56458] Requ\xc3\xaate re\xc3\xa7ue : /api/articles
[Sun Aug 04 16:51:47.195401 2024] [php:notice] [pid 18] [client 192.168.65.1:30608] Requ\xc3\xaate re\xc3\xa7ue : /api/articles
[Sun Aug 04 16:51:48.325518 2024] [php:notice] [pid 19] [client 192.168.65.1:53043] Requ\xc3\xaate re\xc3\xa7ue : /api/utilisateurs/3
[Sun Aug 04 16:51:50.150009 2024] [php:notice] [pid 20] [client 192.168.65.1:23861] Requ\xc3\xaate re\xc3\xa7ue : /api/articles
[Sun Aug 04 16:51:50.162174 2024] [php:notice] [pid 23] [client 192.168.65.1:26711] Requ\xc3\xaate re\xc3\xa7ue : /api/articles
[Sun Aug 04 16:54:48.690540 2024] [php:notice] [pid 24] [client 192.168.65.1:61322] Requ\xc3\xaate re\xc3\xa7ue : /api/utilisateurs/3
[Sun Aug 04 16:54:54.683352 2024] [php:notice] [pid 25] [client 192.168.65.1:58866] Requ\xc3\xaate re\xc3\xa7ue : /api/articles
[Sun Aug 04 16:54:56.101871 2024] [php:notice] [pid 26] [client 192.168.65.1:37144] Requ\xc3\xaate re\xc3\xa7ue : /api/utilisateurs/3
[Sun Aug 04 16:56:23.731996 2024] [php:notice] [pid 21] [client 192.168.65.1:57378] Requ\xc3\xaate re\xc3\xa7ue : /api/utilisateurs/3
[Sun Aug 04 16:56:27.396145 2024] [php:notice] [pid 22] [client 192.168.65.1:52582] Requ\xc3\xaate re\xc3\xa7ue : /api/articles
[Sun Aug 04 16:56:32.336874 2024] [php:notice] [pid 17] [client 192.168.65.1:61299] Requ\xc3\xaate re\xc3\xa7ue : /api/utilisateurs/3
[Sun Aug 04 17:08:59.706414 2024] [php:notice] [pid 18] [client 192.168.65.1:62828] Requ\xc3\xaate re\xc3\xa7ue : /api/utilisateurs/3
[Sun Aug 04 17:09:17.489278 2024] [php:notice] [pid 19] [client 192.168.65.1:42476] Requ\xc3\xaate re\xc3\xa7ue : /api/check_email
[Sun Aug 04 17:12:34.408029 2024] [php:notice] [pid 20] [client 192.168.65.1:39052] Requ\xc3\xaate re\xc3\xa7ue : /api/check_email
[Sun Aug 04 17:13:16.921033 2024] [php:notice] [pid 23] [client 192.168.65.1:30476] Requ\xc3\xaate re\xc3\xa7ue : /api/check_email
[Sun Aug 04 17:14:02.281352 2024] [php:notice] [pid 24] [client 192.168.65.1:21893] Requ\xc3\xaate re\xc3\xa7ue : /api/check_email
[Sun Aug 04 17:15:35.828418 2024] [php:notice] [pid 25] [client 192.168.65.1:46594] Requ\xc3\xaate re\xc3\xa7ue : /api/check_email
[Sun Aug 04 20:19:57.444405 2024] [php:notice] [pid 26] [client 192.168.65.1:27630] Requ\xc3\xaate re\xc3\xa7ue : /api/check_email
[Sun Aug 04 20:21:25.396996 2024] [php:notice] [pid 21] [client 192.168.65.1:42807] Requ\xc3\xaate re\xc3\xa7ue : /api/check_email
[Sun Aug 04 20:22:27.337782 2024] [php:notice] [pid 22] [client 192.168.65.1:20702] Requ\xc3\xaate re\xc3\xa7ue : /api/check_email
[Sun Aug 04 20:22:41.572416 2024] [php:notice] [pid 17] [client 192.168.65.1:26141] Requ\xc3\xaate re\xc3\xa7ue : /api/check_email
[Sun Aug 04 20:27:58.421394 2024] [php:notice] [pid 18] [client 192.168.65.1:29441] Requ\xc3\xaate re\xc3\xa7ue : /api/check_email
[Sun Aug 04 20:32:54.634555 2024] [php:notice] [pid 19] [client 192.168.65.1:43881] Requ\xc3\xaate re\xc3\xa7ue : /api/check_email
[Sun Aug 04 20:44:22.646526 2024] [php:notice] [pid 20] [client 192.168.65.1:20741] Requ\xc3\xaate re\xc3\xa7ue : /api/check_email
[Sun Aug 04 20:49:22.281904 2024] [php:notice] [pid 23] [client 192.168.65.1:57650] Requ\xc3\xaate re\xc3\xa7ue : /api/check_email
[Sun Aug 04 21:00:01.124944 2024] [php:notice] [pid 24] [client 192.168.65.1:23948] Requ\xc3\xaate re\xc3\xa7ue : /api/check_email
[Sun Aug 04 21:00:02.387226 2024] [php:notice] [pid 24] [client 192.168.65.1:23948] Requ\xc3\xaate re\xc3\xa7ue : /api/check_security_answers
[Sun Aug 04 21:03:24.464123 2024] [php:notice] [pid 25] [client 192.168.65.1:32358] Requ\xc3\xaate re\xc3\xa7ue : /api/check_email
[Sun Aug 04 21:03:24.755123 2024] [php:notice] [pid 25] [client 192.168.65.1:32358] Requ\xc3\xaate re\xc3\xa7ue : /api/check_security_answers
[Sun Aug 04 21:06:09.255599 2024] [php:notice] [pid 26] [client 192.168.65.1:50889] Requ\xc3\xaate re\xc3\xa7ue : /api/check_email
[Sun Aug 04 21:06:15.214617 2024] [php:notice] [pid 21] [client 192.168.65.1:40145] Requ\xc3\xaate re\xc3\xa7ue : /api/check_security_answers
[Sun Aug 04 21:07:02.425534 2024] [php:notice] [pid 22] [client 192.168.65.1:25758] Requ\xc3\xaate re\xc3\xa7ue : /api/check_email
[Sun Aug 04 21:07:11.605682 2024] [php:notice] [pid 17] [client 192.168.65.1:46523] Requ\xc3\xaate re\xc3\xa7ue : /api/check_security_answers
[Sun Aug 04 21:13:29.130544 2024] [php:notice] [pid 18] [client 192.168.65.1:29022] Requ\xc3\xaate re\xc3\xa7ue : /api/check_email
[Sun Aug 04 21:13:33.787711 2024] [php:notice] [pid 18] [client 192.168.65.1:29022] Requ\xc3\xaate re\xc3\xa7ue : /api/check_security_answers
[Sun Aug 04 21:14:38.066693 2024] [php:notice] [pid 19] [client 192.168.65.1:29063] Requ\xc3\xaate re\xc3\xa7ue : /api/check_email
[Sun Aug 04 21:14:44.427551 2024] [php:notice] [pid 20] [client 192.168.65.1:27613] Requ\xc3\xaate re\xc3\xa7ue : /api/check_security_answers
[Sun Aug 04 21:17:24.175453 2024] [php:notice] [pid 23] [client 192.168.65.1:17077] Requ\xc3\xaate re\xc3\xa7ue : /api/check_email
[Sun Aug 04 21:17:28.638297 2024] [php:notice] [pid 23] [client 192.168.65.1:17077] Requ\xc3\xaate re\xc3\xa7ue : /api/check_security_answers
[Sun Aug 04 21:18:15.940700 2024] [php:notice] [pid 24] [client 192.168.65.1:38825] Requ\xc3\xaate re\xc3\xa7ue : /api/check_security_answers
[Sun Aug 04 21:18:25.461536 2024] [php:notice] [pid 25] [client 192.168.65.1:44200] Requ\xc3\xaate re\xc3\xa7ue : /api/check_security_answers
[Sun Aug 04 21:21:23.793736 2024] [php:notice] [pid 26] [client 192.168.65.1:52964] Requ\xc3\xaate re\xc3\xa7ue : /api/check_email
[Sun Aug 04 21:21:27.713627 2024] [php:notice] [pid 26] [client 192.168.65.1:52964] Requ\xc3\xaate re\xc3\xa7ue : /api/check_security_answers
[Sun Aug 04 21:23:09.367945 2024] [php:notice] [pid 21] [client 192.168.65.1:40876] Requ\xc3\xaate re\xc3\xa7ue : /api/check_email
[Sun Aug 04 21:23:13.929059 2024] [php:notice] [pid 21] [client 192.168.65.1:40876] Requ\xc3\xaate re\xc3\xa7ue : /api/check_security_answers
[Sun Aug 04 21:24:19.436611 2024] [php:notice] [pid 22] [client 192.168.65.1:30231] Requ\xc3\xaate re\xc3\xa7ue : /api/check_email
[Sun Aug 04 21:24:24.481598 2024] [php:notice] [pid 17] [client 192.168.65.1:29935] Requ\xc3\xaate re\xc3\xa7ue : /api/check_security_answers
[Sun Aug 04 21:25:00.566186 2024] [php:notice] [pid 18] [client 192.168.65.1:27692] Requ\xc3\xaate re\xc3\xa7ue : /api/check_email
[Sun Aug 04 21:25:07.266112 2024] [php:notice] [pid 19] [client 192.168.65.1:43872] Requ\xc3\xaate re\xc3\xa7ue : /api/check_security_answers
[Sun Aug 04 21:26:47.225539 2024] [php:notice] [pid 20] [client 192.168.65.1:46369] Requ\xc3\xaate re\xc3\xa7ue : /api/check_email
[Sun Aug 04 21:26:54.125395 2024] [php:notice] [pid 23] [client 192.168.65.1:61104] Requ\xc3\xaate re\xc3\xa7ue : /api/check_security_answers
[Sun Aug 04 21:30:36.103540 2024] [php:notice] [pid 24] [client 192.168.65.1:41184] Requ\xc3\xaate re\xc3\xa7ue : /api/check_security_answers
[Sun Aug 04 21:44:56.380608 2024] [php:notice] [pid 25] [client 192.168.65.1:33082] Requ\xc3\xaate re\xc3\xa7ue : /api/check_security_answers
[Sun Aug 04 21:45:05.114544 2024] [php:notice] [pid 26] [client 192.168.65.1:28794] Requ\xc3\xaate re\xc3\xa7ue : /api/check_security_answers
[Sun Aug 04 21:53:50.560778 2024] [php:notice] [pid 21] [client 192.168.65.1:37882] Requ\xc3\xaate re\xc3\xa7ue : /api/check_email
[Sun Aug 04 21:53:56.691905 2024] [php:notice] [pid 22] [client 192.168.65.1:56712] Requ\xc3\xaate re\xc3\xa7ue : /api/check_security_answers
[Sun Aug 04 21:58:47.109894 2024] [php:notice] [pid 17] [client 192.168.65.1:26215] Requ\xc3\xaate re\xc3\xa7ue : /api/check_email
[Sun Aug 04 21:58:53.239186 2024] [php:notice] [pid 18] [client 192.168.65.1:40063] Requ\xc3\xaate re\xc3\xa7ue : /api/check_security_answers
[Sun Aug 04 22:13:28.814632 2024] [php:notice] [pid 19] [client 192.168.65.1:38488] Requ\xc3\xaate re\xc3\xa7ue : /api/check_security_answers/mobile
[Sun Aug 04 22:14:00.204433 2024] [php:notice] [pid 20] [client 192.168.65.1:61498] Requ\xc3\xaate re\xc3\xa7ue : /api/check_email
[Sun Aug 04 22:14:04.764525 2024] [php:notice] [pid 20] [client 192.168.65.1:61498] Requ\xc3\xaate re\xc3\xa7ue : /api/check_security_answers/mobile
[Sun Aug 04 22:14:12.705057 2024] [php:notice] [pid 23] [client 192.168.65.1:51726] Requ\xc3\xaate re\xc3\xa7ue : /api/check_security_answers/mobile
[Sun Aug 04 22:23:10.248995 2024] [php:notice] [pid 24] [client 192.168.65.1:58486] Requ\xc3\xaate re\xc3\xa7ue : /api/check_email
[Sun Aug 04 22:23:14.793857 2024] [php:notice] [pid 24] [client 192.168.65.1:58486] Requ\xc3\xaate re\xc3\xa7ue : /api/check_security_answers/mobile
[Sun Aug 04 22:23:23.021374 2024] [php:notice] [pid 25] [client 192.168.65.1:39601] Requ\xc3\xaate re\xc3\xa7ue : /api/reset_password/mobile
[Sun Aug 04 22:23:23.036618 2024] [php:notice] [pid 25] [client 192.168.65.1:39601] Reset password attempt for email: bobleponge@gmail.com
[Sun Aug 04 22:23:23.140459 2024] [php:notice] [pid 25] [client 192.168.65.1:39601] Password successfully reset for user: bobleponge@gmail.com
[Sun Aug 04 22:23:23.202015 2024] [php:notice] [pid 25] [client 192.168.65.1:39601] Password verification successful after reset for user: bobleponge@gmail.com
[Sun Aug 04 22:24:58.520992 2024] [php:notice] [pid 26] [client 192.168.65.1:48003] Requ\xc3\xaate re\xc3\xa7ue : /api/check_email
[Sun Aug 04 22:25:03.165338 2024] [php:notice] [pid 26] [client 192.168.65.1:48003] Requ\xc3\xaate re\xc3\xa7ue : /api/check_security_answers/mobile
[Sun Aug 04 22:25:07.894988 2024] [php:notice] [pid 26] [client 192.168.65.1:48003] Requ\xc3\xaate re\xc3\xa7ue : /api/reset_password/mobile
[Sun Aug 04 22:25:07.909786 2024] [php:notice] [pid 26] [client 192.168.65.1:48003] Reset password attempt for email: bobleponge@gmail.com
[Sun Aug 04 22:25:07.993741 2024] [php:notice] [pid 26] [client 192.168.65.1:48003] Password successfully reset for user: bobleponge@gmail.com
[Sun Aug 04 22:25:08.055117 2024] [php:notice] [pid 26] [client 192.168.65.1:48003] Password verification successful after reset for user: bobleponge@gmail.com
[Sun Aug 04 22:27:32.791279 2024] [php:notice] [pid 21] [client 192.168.65.1:17659] Requ\xc3\xaate re\xc3\xa7ue : /api/check_email
[Sun Aug 04 22:27:37.577163 2024] [php:notice] [pid 21] [client 192.168.65.1:17659] Requ\xc3\xaate re\xc3\xa7ue : /api/check_security_answers/mobile
[Sun Aug 04 22:27:40.833532 2024] [php:notice] [pid 21] [client 192.168.65.1:17659] Requ\xc3\xaate re\xc3\xa7ue : /api/reset_password/mobile
[Sun Aug 04 22:27:40.840736 2024] [php:notice] [pid 21] [client 192.168.65.1:17659] Reset password attempt for email: bobleponge@gmail.com
[Sun Aug 04 22:27:40.938735 2024] [php:notice] [pid 21] [client 192.168.65.1:17659] Password successfully reset for user: bobleponge@gmail.com
[Sun Aug 04 22:27:41.001622 2024] [php:notice] [pid 21] [client 192.168.65.1:17659] Password verification successful after reset for user: bobleponge@gmail.com
[Sun Aug 04 22:27:53.386419 2024] [php:notice] [pid 22] [client 192.168.65.1:37555] Requ\xc3\xaate re\xc3\xa7ue : /api/login
[Sun Aug 04 22:27:57.565684 2024] [php:notice] [pid 17] [client 192.168.65.1:60297] Requ\xc3\xaate re\xc3\xa7ue : /api/login
[Sun Aug 04 22:27:57.780581 2024] [php:notice] [pid 18] [client 192.168.65.1:51361] Requ\xc3\xaate re\xc3\xa7ue : /api/utilisateurs/3
[Sun Aug 04 22:51:01.636882 2024] [mpm_prefork:notice] [pid 1] AH00170: caught SIGWINCH, shutting down gracefully
[Mon Aug 05 13:40:27.857320 2024] [ssl:warn] [pid 1] AH01882: Init: this version of mod_ssl was compiled against a newer library (OpenSSL 3.0.13 30 Jan 2024 (OpenSSL 3.0.11 19 Sep 2023), version currently loaded is 0x300000B0) - may result in undefined or erroneous behavior
AH00558: apache2: Could not reliably determine the server's fully qualified domain name, using 192.168.16.5. Set the 'ServerName' directive globally to suppress this message
[Mon Aug 05 13:40:28.000587 2024] [ssl:warn] [pid 1] AH01882: Init: this version of mod_ssl was compiled against a newer library (OpenSSL 3.0.13 30 Jan 2024 (OpenSSL 3.0.11 19 Sep 2023), version currently loaded is 0x300000B0) - may result in undefined or erroneous behavior
[Mon Aug 05 13:40:28.003400 2024] [mpm_prefork:notice] [pid 1] AH00163: Apache/2.4.59 (Debian) PHP/8.3.8 OpenSSL/3.0.11 configured -- resuming normal operations
[Mon Aug 05 13:40:28.003699 2024] [core:notice] [pid 1] AH00094: Command line: 'apache2 -D FOREGROUND'
[Mon Aug 05 13:40:33.331685 2024] [php:notice] [pid 17] [client 192.168.65.1:60691] Requ\xc3\xaate re\xc3\xa7ue : /
[Mon Aug 05 13:43:13.820608 2024] [php:notice] [pid 25] [client 192.168.65.1:53856] Requ\xc3\xaate re\xc3\xa7ue : /api/articles
[Mon Aug 05 13:44:36.536161 2024] [php:notice] [pid 26] [client 192.168.65.1:51960] Requ\xc3\xaate re\xc3\xa7ue : /api/articles
[Mon Aug 05 13:46:26.972085 2024] [mpm_prefork:notice] [pid 1] AH00170: caught SIGWINCH, shutting down gracefully
[Mon Aug 05 14:25:13.627186 2024] [ssl:warn] [pid 1] AH01882: Init: this version of mod_ssl was compiled against a newer library (OpenSSL 3.0.13 30 Jan 2024 (OpenSSL 3.0.11 19 Sep 2023), version currently loaded is 0x300000B0) - may result in undefined or erroneous behavior
AH00558: apache2: Could not reliably determine the server's fully qualified domain name, using 192.168.16.5. Set the 'ServerName' directive globally to suppress this message
[Mon Aug 05 14:25:13.666913 2024] [ssl:warn] [pid 1] AH01882: Init: this version of mod_ssl was compiled against a newer library (OpenSSL 3.0.13 30 Jan 2024 (OpenSSL 3.0.11 19 Sep 2023), version currently loaded is 0x300000B0) - may result in undefined or erroneous behavior
[Mon Aug 05 14:25:13.672775 2024] [mpm_prefork:notice] [pid 1] AH00163: Apache/2.4.59 (Debian) PHP/8.3.8 OpenSSL/3.0.11 configured -- resuming normal operations
[Mon Aug 05 14:25:13.674244 2024] [core:notice] [pid 1] AH00094: Command line: 'apache2 -D FOREGROUND'
[Mon Aug 05 14:38:02.178108 2024] [mpm_prefork:notice] [pid 1] AH00170: caught SIGWINCH, shutting down gracefully
[Mon Aug 05 19:09:50.369519 2024] [ssl:warn] [pid 1] AH01882: Init: this version of mod_ssl was compiled against a newer library (OpenSSL 3.0.13 30 Jan 2024 (OpenSSL 3.0.11 19 Sep 2023), version currently loaded is 0x300000B0) - may result in undefined or erroneous behavior
AH00558: apache2: Could not reliably determine the server's fully qualified domain name, using 192.168.16.5. Set the 'ServerName' directive globally to suppress this message
[Mon Aug 05 19:09:50.415259 2024] [ssl:warn] [pid 1] AH01882: Init: this version of mod_ssl was compiled against a newer library (OpenSSL 3.0.13 30 Jan 2024 (OpenSSL 3.0.11 19 Sep 2023), version currently loaded is 0x300000B0) - may result in undefined or erroneous behavior
[Mon Aug 05 19:09:50.417715 2024] [mpm_prefork:notice] [pid 1] AH00163: Apache/2.4.59 (Debian) PHP/8.3.8 OpenSSL/3.0.11 configured -- resuming normal operations
[Mon Aug 05 19:09:50.417937 2024] [core:notice] [pid 1] AH00094: Command line: 'apache2 -D FOREGROUND'
[Mon Aug 05 19:09:54.664466 2024] [php:notice] [pid 17] [client 192.168.65.1:19597] Requ\xc3\xaate re\xc3\xa7ue : /
[Mon Aug 05 19:10:31.891930 2024] [mpm_prefork:notice] [pid 1] AH00170: caught SIGWINCH, shutting down gracefully
[Tue Aug 06 15:22:39.792435 2024] [ssl:warn] [pid 1] AH01882: Init: this version of mod_ssl was compiled against a newer library (OpenSSL 3.0.13 30 Jan 2024 (OpenSSL 3.0.11 19 Sep 2023), version currently loaded is 0x300000B0) - may result in undefined or erroneous behavior
AH00558: apache2: Could not reliably determine the server's fully qualified domain name, using 172.22.0.5. Set the 'ServerName' directive globally to suppress this message
[Tue Aug 06 15:22:39.825162 2024] [ssl:warn] [pid 1] AH01882: Init: this version of mod_ssl was compiled against a newer library (OpenSSL 3.0.13 30 Jan 2024 (OpenSSL 3.0.11 19 Sep 2023), version currently loaded is 0x300000B0) - may result in undefined or erroneous behavior
[Tue Aug 06 15:22:39.827808 2024] [mpm_prefork:notice] [pid 1] AH00163: Apache/2.4.59 (Debian) PHP/8.3.8 OpenSSL/3.0.11 configured -- resuming normal operations
[Tue Aug 06 15:22:39.828274 2024] [core:notice] [pid 1] AH00094: Command line: 'apache2 -D FOREGROUND'
[Tue Aug 06 15:22:52.705694 2024] [php:notice] [pid 16] [client 192.168.65.1:33103] Requ\xc3\xaate re\xc3\xa7ue : /
[Tue Aug 06 15:22:53.448103 2024] [php:notice] [pid 16] [client 192.168.65.1:33103] Requ\xc3\xaate re\xc3\xa7ue : /
[Tue Aug 06 15:38:38.103419 2024] [php:notice] [pid 23] [client 192.168.65.1:24397] Requ\xc3\xaate re\xc3\xa7ue : /
[Tue Aug 06 15:42:36.298677 2024] [mpm_prefork:notice] [pid 1] AH00170: caught SIGWINCH, shutting down gracefully
[Sat Aug 10 22:27:41.475845 2024] [ssl:warn] [pid 1] AH01882: Init: this version of mod_ssl was compiled against a newer library (OpenSSL 3.0.13 30 Jan 2024 (OpenSSL 3.0.11 19 Sep 2023), version currently loaded is 0x300000B0) - may result in undefined or erroneous behavior
AH00558: apache2: Could not reliably determine the server's fully qualified domain name, using 172.21.0.4. Set the 'ServerName' directive globally to suppress this message
[Sat Aug 10 22:27:41.497327 2024] [ssl:warn] [pid 1] AH01882: Init: this version of mod_ssl was compiled against a newer library (OpenSSL 3.0.13 30 Jan 2024 (OpenSSL 3.0.11 19 Sep 2023), version currently loaded is 0x300000B0) - may result in undefined or erroneous behavior
[Sat Aug 10 22:27:41.499670 2024] [mpm_prefork:notice] [pid 1] AH00163: Apache/2.4.59 (Debian) PHP/8.3.8 OpenSSL/3.0.11 configured -- resuming normal operations
[Sat Aug 10 22:27:41.500078 2024] [core:notice] [pid 1] AH00094: Command line: 'apache2 -D FOREGROUND'
[Sat Aug 10 22:27:48.842036 2024] [php:notice] [pid 18] [client 192.168.65.1:17962] Requ\xc3\xaate re\xc3\xa7ue : /api/articles
[Sat Aug 10 22:28:08.451166 2024] [php:notice] [pid 17] [client 192.168.65.1:53223] Requ\xc3\xaate re\xc3\xa7ue : /api/articles
[Sat Aug 10 22:28:08.600612 2024] [php:notice] [pid 19] [client 192.168.65.1:60161] Requ\xc3\xaate re\xc3\xa7ue : /apple-touch-icon-precomposed.png
[Sat Aug 10 22:28:08.618552 2024] [php:notice] [pid 19] [client 192.168.65.1:60161] Requ\xc3\xaate re\xc3\xa7ue : /apple-touch-icon.png
[Sat Aug 10 22:29:00.856130 2024] [php:notice] [pid 20] [client 192.168.65.1:24122] Requ\xc3\xaate re\xc3\xa7ue : /api/articles
[Sat Aug 10 22:30:23.972866 2024] [php:notice] [pid 21] [client 192.168.65.1:25895] Requ\xc3\xaate re\xc3\xa7ue : /api/articles
[Sat Aug 10 22:30:48.504935 2024] [php:notice] [pid 22] [client 192.168.65.1:61787] Requ\xc3\xaate re\xc3\xa7ue : /api/articles
[Sat Aug 10 22:32:06.769582 2024] [php:notice] [pid 18] [client 192.168.65.1:25746] Requ\xc3\xaate re\xc3\xa7ue : /api/articles
[Sat Aug 10 22:33:18.920074 2024] [php:notice] [pid 23] [client 192.168.65.1:21197] Requ\xc3\xaate re\xc3\xa7ue : /api/articles
[Sat Aug 10 22:44:00.427454 2024] [php:notice] [pid 17] [client 192.168.65.1:23803] Requ\xc3\xaate re\xc3\xa7ue : /api/articles
[Sat Aug 10 22:44:34.633306 2024] [php:notice] [pid 19] [client 192.168.65.1:22035] Requ\xc3\xaate re\xc3\xa7ue : /api/articles
[Sat Aug 10 22:47:53.141939 2024] [php:notice] [pid 20] [client 192.168.65.1:22073] Requ\xc3\xaate re\xc3\xa7ue : /api/articles
[Sat Aug 10 22:48:35.527166 2024] [php:notice] [pid 21] [client 192.168.65.1:60303] Requ\xc3\xaate re\xc3\xa7ue : /api/articles
[Sat Aug 10 23:20:48.429887 2024] [php:notice] [pid 22] [client 192.168.65.1:59432] Requ\xc3\xaate re\xc3\xa7ue : /api/articles
[Sat Aug 10 23:22:29.166848 2024] [php:notice] [pid 18] [client 192.168.65.1:29465] Requ\xc3\xaate re\xc3\xa7ue : /api/articles
[Sat Aug 10 23:24:53.297739 2024] [php:notice] [pid 23] [client 192.168.65.1:20143] Requ\xc3\xaate re\xc3\xa7ue : /api/articles
[Sat Aug 10 23:26:06.865644 2024] [php:notice] [pid 17] [client 192.168.65.1:32262] Requ\xc3\xaate re\xc3\xa7ue : /api/articles
[Sat Aug 10 23:26:45.947157 2024] [php:notice] [pid 19] [client 192.168.65.1:39221] Requ\xc3\xaate re\xc3\xa7ue : /api/register
[Sat Aug 10 23:26:57.755745 2024] [php:notice] [pid 20] [client 192.168.65.1:61866] Requ\xc3\xaate re\xc3\xa7ue : /api/login
[Sat Aug 10 23:26:58.034471 2024] [php:notice] [pid 21] [client 192.168.65.1:27679] Requ\xc3\xaate re\xc3\xa7ue : /api/utilisateurs/4
[Sat Aug 10 23:27:21.223995 2024] [php:notice] [pid 22] [client 192.168.65.1:31368] Requ\xc3\xaate re\xc3\xa7ue : /api/articles
[Sat Aug 10 23:27:23.001761 2024] [php:notice] [pid 18] [client 192.168.65.1:63220] Requ\xc3\xaate re\xc3\xa7ue : /api/utilisateurs/4
[Sat Aug 10 23:28:22.588199 2024] [php:notice] [pid 23] [client 192.168.65.1:17260] Requ\xc3\xaate re\xc3\xa7ue : /api/articles
[Sat Aug 10 23:28:34.884198 2024] [php:notice] [pid 17] [client 192.168.65.1:46553] Requ\xc3\xaate re\xc3\xa7ue : /api/check_email
[Sat Aug 10 23:28:42.894045 2024] [php:notice] [pid 19] [client 192.168.65.1:59277] Requ\xc3\xaate re\xc3\xa7ue : /api/check_security_answers/mobile
[Sat Aug 10 23:33:17.543989 2024] [php:notice] [pid 20] [client 192.168.65.1:26252] Requ\xc3\xaate re\xc3\xa7ue : /api/articles
[Sat Aug 10 23:33:27.663948 2024] [php:notice] [pid 21] [client 192.168.65.1:61424] Requ\xc3\xaate re\xc3\xa7ue : /api/check_email
[Sat Aug 10 23:33:32.524333 2024] [php:notice] [pid 21] [client 192.168.65.1:61424] Requ\xc3\xaate re\xc3\xa7ue : /api/check_security_answers/mobile
[Sat Aug 10 23:33:37.463500 2024] [php:notice] [pid 21] [client 192.168.65.1:61424] Requ\xc3\xaate re\xc3\xa7ue : /api/reset_password/mobile
[Sat Aug 10 23:33:37.479115 2024] [php:notice] [pid 21] [client 192.168.65.1:61424] Reset password attempt for email: thomas.larochelle@gmail.com
[Sat Aug 10 23:33:37.581181 2024] [php:notice] [pid 21] [client 192.168.65.1:61424] Password successfully reset for user: thomas.larochelle@gmail.com
[Sat Aug 10 23:33:46.522874 2024] [php:notice] [pid 22] [client 192.168.65.1:31904] Requ\xc3\xaate re\xc3\xa7ue : /api/login
[Sat Aug 10 23:33:46.826609 2024] [php:notice] [pid 18] [client 192.168.65.1:45855] Requ\xc3\xaate re\xc3\xa7ue : /api/utilisateurs/4
[Sat Aug 10 23:37:02.993178 2024] [php:notice] [pid 23] [client 192.168.65.1:56269] Requ\xc3\xaate re\xc3\xa7ue : /api/articles
[Sat Aug 10 23:54:05.273469 2024] [php:notice] [pid 17] [client 192.168.65.1:46458] Requ\xc3\xaate re\xc3\xa7ue : /api/articles
[Sat Aug 10 23:54:15.512688 2024] [php:notice] [pid 19] [client 192.168.65.1:16753] Requ\xc3\xaate re\xc3\xa7ue : /api/articles
[Sun Aug 11 19:07:54.794715 2024] [php:notice] [pid 20] [client 192.168.65.1:55075] Requ\xc3\xaate re\xc3\xa7ue : /api/articles
[Sun Aug 11 19:07:56.139787 2024] [php:notice] [pid 21] [client 192.168.65.1:65515] Requ\xc3\xaate re\xc3\xa7ue : /api/utilisateurs/2
[Sun Aug 11 19:11:25.711981 2024] [php:notice] [pid 22] [client 192.168.65.1:54834] Requ\xc3\xaate re\xc3\xa7ue : /api/articles
[Sun Aug 11 20:00:09.754657 2024] [php:notice] [pid 18] [client 192.168.65.1:58587] Requ\xc3\xaate re\xc3\xa7ue : /
[Sun Aug 11 20:00:10.503482 2024] [php:notice] [pid 18] [client 192.168.65.1:58587] Requ\xc3\xaate re\xc3\xa7ue : /favicon.ico, referer: http://localhost:8888/
[Sun Aug 11 20:00:16.742576 2024] [php:notice] [pid 18] [client 192.168.65.1:58587] Requ\xc3\xaate re\xc3\xa7ue : /api/articles, referer: http://localhost:8888/articles.php
[Sun Aug 11 20:00:17.879110 2024] [php:notice] [pid 18] [client 192.168.65.1:58587] Requ\xc3\xaate re\xc3\xa7ue : /api/articles/1, referer: http://localhost:8888/produits.php?id=1
[Sun Aug 11 20:00:17.918936 2024] [php:notice] [pid 18] [client 192.168.65.1:58587] Requ\xc3\xaate re\xc3\xa7ue : /api/articles/categories_limit/Accessoires, referer: http://localhost:8888/produits.php?id=1
[Sun Aug 11 20:00:19.063005 2024] [php:notice] [pid 18] [client 192.168.65.1:58587] Requ\xc3\xaate re\xc3\xa7ue : /api/utilisateurs/2, referer: http://localhost:8888/CompteVendeur.php?id=2
[Sun Aug 11 20:00:20.914901 2024] [php:notice] [pid 18] [client 192.168.65.1:58587] Requ\xc3\xaate re\xc3\xa7ue : /api/articles/1, referer: http://localhost:8888/produits.php?id=1
[Sun Aug 11 20:00:20.932726 2024] [php:notice] [pid 18] [client 192.168.65.1:58587] Requ\xc3\xaate re\xc3\xa7ue : /api/articles/categories_limit/Accessoires, referer: http://localhost:8888/produits.php?id=1
[Sun Aug 11 20:00:24.231966 2024] [php:notice] [pid 18] [client 192.168.65.1:58587] Requ\xc3\xaate re\xc3\xa7ue : /api/utilisateurs/2, referer: http://localhost:8888/CompteVendeur.php?id=2
[Sun Aug 11 20:00:29.727705 2024] [php:notice] [pid 28] [client 192.168.65.1:52632] Requ\xc3\xaate re\xc3\xa7ue : /api/articles/1, referer: http://localhost:8888/produits.php?id=1
[Sun Aug 11 20:00:29.801201 2024] [php:notice] [pid 28] [client 192.168.65.1:52632] Requ\xc3\xaate re\xc3\xa7ue : /api/articles/categories_limit/Accessoires, referer: http://localhost:8888/produits.php?id=1
[Mon Aug 12 20:03:06.318301 2024] [php:notice] [pid 29] [client 192.168.65.1:34825] Requ\xc3\xaate re\xc3\xa7ue : /
[Mon Aug 12 20:03:07.779961 2024] [php:notice] [pid 29] [client 192.168.65.1:34825] Requ\xc3\xaate re\xc3\xa7ue : /api/articles/1, referer: http://localhost:8888/produits.php?id=1
[Mon Aug 12 20:03:07.806426 2024] [php:notice] [pid 29] [client 192.168.65.1:34825] Requ\xc3\xaate re\xc3\xa7ue : /api/articles/categories_limit/Accessoires, referer: http://localhost:8888/produits.php?id=1
[Mon Aug 12 20:03:08.883895 2024] [php:notice] [pid 29] [client 192.168.65.1:34825] Requ\xc3\xaate re\xc3\xa7ue : /api/articles
[Mon Aug 12 20:03:16.145881 2024] [php:notice] [pid 23] [client 192.168.65.1:45047] Requ\xc3\xaate re\xc3\xa7ue : /api/utilisateurs/1
[Mon Aug 12 20:03:25.196356 2024] [php:notice] [pid 18] [client 192.168.65.1:19098] Requ\xc3\xaate re\xc3\xa7ue : /api/utilisateurs/1/vendor
[Mon Aug 12 20:03:28.355143 2024] [php:notice] [pid 18] [client 192.168.65.1:19098] Requ\xc3\xaate re\xc3\xa7ue : /api/utilisateurs/1/vendor
[Mon Aug 12 20:03:29.563494 2024] [php:notice] [pid 18] [client 192.168.65.1:19098] Requ\xc3\xaate re\xc3\xa7ue : /api/utilisateurs/1
[Mon Aug 12 20:03:35.829599 2024] [php:notice] [pid 28] [client 192.168.65.1:29997] Requ\xc3\xaate re\xc3\xa7ue : /api/utilisateurs/1/vendor
[Mon Aug 12 20:03:36.859175 2024] [php:notice] [pid 28] [client 192.168.65.1:29997] Requ\xc3\xaate re\xc3\xa7ue : /api/utilisateurs/1/articles
[Mon Aug 12 20:19:30.584011 2024] [mpm_prefork:notice] [pid 1] AH00170: caught SIGWINCH, shutting down gracefully
[Wed Aug 14 16:26:50.860915 2024] [ssl:warn] [pid 1] AH01882: Init: this version of mod_ssl was compiled against a newer library (OpenSSL 3.0.13 30 Jan 2024 (OpenSSL 3.0.11 19 Sep 2023), version currently loaded is 0x300000B0) - may result in undefined or erroneous behavior
AH00558: apache2: Could not reliably determine the server's fully qualified domain name, using 172.21.0.5. Set the 'ServerName' directive globally to suppress this message
[Wed Aug 14 16:26:50.948404 2024] [ssl:warn] [pid 1] AH01882: Init: this version of mod_ssl was compiled against a newer library (OpenSSL 3.0.13 30 Jan 2024 (OpenSSL 3.0.11 19 Sep 2023), version currently loaded is 0x300000B0) - may result in undefined or erroneous behavior
[Wed Aug 14 16:26:50.953356 2024] [mpm_prefork:notice] [pid 1] AH00163: Apache/2.4.59 (Debian) PHP/8.3.8 OpenSSL/3.0.11 configured -- resuming normal operations
[Wed Aug 14 16:26:50.953574 2024] [core:notice] [pid 1] AH00094: Command line: 'apache2 -D FOREGROUND'
[Wed Aug 14 16:26:58.577027 2024] [php:notice] [pid 17] [client 192.168.65.1:42568] Requ\xc3\xaate re\xc3\xa7ue : /
[Wed Aug 14 16:28:58.830575 2024] [php:notice] [pid 26] [client 192.168.65.1:23236] Requ\xc3\xaate re\xc3\xa7ue : /api/register, referer: http://localhost:8888/creationCompte.php
[Wed Aug 14 16:29:10.800640 2024] [php:notice] [pid 27] [client 192.168.65.1:57844] Requ\xc3\xaate re\xc3\xa7ue : /api/login, referer: http://localhost:8888/login.php
[Wed Aug 14 16:29:13.487933 2024] [php:notice] [pid 27] [client 192.168.65.1:57844] Requ\xc3\xaate re\xc3\xa7ue : /api/login, referer: http://localhost:8888/login.php
[Wed Aug 14 16:29:41.179114 2024] [php:notice] [pid 28] [client 192.168.65.1:16014] Requ\xc3\xaate re\xc3\xa7ue : /api/login, referer: http://localhost:8888/login.php
[Wed Aug 14 16:30:09.730719 2024] [php:notice] [pid 17] [client 192.168.65.1:16977] Requ\xc3\xaate re\xc3\xa7ue : /api/login, referer: http://localhost:8888/login.php
[Wed Aug 14 16:30:12.019477 2024] [php:notice] [pid 17] [client 192.168.65.1:16977] Requ\xc3\xaate re\xc3\xa7ue : /api/login, referer: http://localhost:8888/login.php
[Wed Aug 14 16:30:41.334321 2024] [php:notice] [pid 21] [client 192.168.65.1:23558] Requ\xc3\xaate re\xc3\xa7ue : /api/login, referer: http://localhost:8888/login.php
[Wed Aug 14 16:34:01.134314 2024] [php:notice] [pid 25] [client 192.168.65.1:44182] Requ\xc3\xaate re\xc3\xa7ue : /api/articles, referer: http://localhost:8888/sell.php
[Wed Aug 14 16:34:14.247788 2024] [php:notice] [pid 26] [client 192.168.65.1:22245] Requ\xc3\xaate re\xc3\xa7ue : /api/articles, referer: http://localhost:8888/sell.php
[Wed Aug 14 16:37:17.734707 2024] [php:notice] [pid 27] [client 192.168.65.1:16191] Requ\xc3\xaate re\xc3\xa7ue : /api/articles, referer: http://localhost:8888/sell.php
[Wed Aug 14 16:47:02.338600 2024] [php:notice] [pid 28] [client 192.168.65.1:32480] Requ\xc3\xaate re\xc3\xa7ue : /api/articles, referer: http://localhost:8888/sell.php
[Wed Aug 14 16:48:28.899398 2024] [php:notice] [pid 17] [client 192.168.65.1:37840] Requ\xc3\xaate re\xc3\xa7ue : /
[Wed Aug 14 16:48:31.689414 2024] [php:notice] [pid 17] [client 192.168.65.1:37840] Requ\xc3\xaate re\xc3\xa7ue : /api/articles, referer: http://localhost:8888/articles.php
[Wed Aug 14 16:48:56.120586 2024] [php:notice] [pid 21] [client 192.168.65.1:36674] Requ\xc3\xaate re\xc3\xa7ue : /api/articles, referer: http://localhost:8888/sell.php
[Wed Aug 14 16:49:14.959048 2024] [php:notice] [pid 18] [client 192.168.65.1:51307] Requ\xc3\xaate re\xc3\xa7ue : /api/articles, referer: http://localhost:8888/sell.php
[Wed Aug 14 16:51:09.685623 2024] [php:notice] [pid 20] [client 192.168.65.1:17237] Requ\xc3\xaate re\xc3\xa7ue : /
[Wed Aug 14 16:52:01.888227 2024] [php:notice] [pid 25] [client 192.168.65.1:46622] Requ\xc3\xaate re\xc3\xa7ue : /api/articles, referer: http://localhost:8888/sell.php
[Wed Aug 14 16:52:27.414825 2024] [php:notice] [pid 26] [client 192.168.65.1:49338] Requ\xc3\xaate re\xc3\xa7ue : /api/articles, referer: http://localhost:8888/sell.php
[Wed Aug 14 16:52:30.338304 2024] [php:notice] [pid 27] [client 192.168.65.1:50322] Requ\xc3\xaate re\xc3\xa7ue : /api/articles, referer: http://localhost:8888/sell.php
[Wed Aug 14 16:52:39.973094 2024] [php:notice] [pid 28] [client 192.168.65.1:23671] Requ\xc3\xaate re\xc3\xa7ue : /api/articles, referer: http://localhost:8888/sell.php
[Wed Aug 14 16:54:51.173147 2024] [php:notice] [pid 19] [client 192.168.65.1:53688] Requ\xc3\xaate re\xc3\xa7ue : /api/articles, referer: http://localhost:8888/sell.php
[Wed Aug 14 16:54:55.856480 2024] [php:notice] [pid 17] [client 192.168.65.1:40324] Requ\xc3\xaate re\xc3\xa7ue : /api/articles, referer: http://localhost:8888/sell.php
[Wed Aug 14 16:54:59.992551 2024] [php:notice] [pid 21] [client 192.168.65.1:19242] Requ\xc3\xaate re\xc3\xa7ue : /api/articles, referer: http://localhost:8888/sell.php
[Wed Aug 14 16:55:04.237470 2024] [php:notice] [pid 18] [client 192.168.65.1:49163] Requ\xc3\xaate re\xc3\xa7ue : /api/articles, referer: http://localhost:8888/sell.php
[Wed Aug 14 16:56:15.075786 2024] [php:notice] [pid 20] [client 192.168.65.1:25246] Requ\xc3\xaate re\xc3\xa7ue : /api/articles, referer: http://localhost:8888/sell.php
[Wed Aug 14 16:56:27.733544 2024] [php:notice] [pid 24] [client 192.168.65.1:17535] Requ\xc3\xaate re\xc3\xa7ue : /api/articles, referer: http://localhost:8888/sell.php
[Wed Aug 14 16:56:33.609093 2024] [php:notice] [pid 25] [client 192.168.65.1:42971] Requ\xc3\xaate re\xc3\xa7ue : /api/articles, referer: http://localhost:8888/articles.php
[Wed Aug 14 16:57:15.813544 2024] [php:notice] [pid 28] [client 192.168.65.1:41967] Requ\xc3\xaate re\xc3\xa7ue : /api/utilisateurs/5, referer: http://localhost:8888/profil.php
[Wed Aug 14 16:57:15.814859 2024] [php:notice] [pid 19] [client 192.168.65.1:29761] Requ\xc3\xaate re\xc3\xa7ue : /api/utilisateurs/5, referer: http://localhost:8888/profil.php
[Wed Aug 14 16:57:37.814450 2024] [php:notice] [pid 25] [client 192.168.65.1:48663] Requ\xc3\xaate re\xc3\xa7ue : /api/utilisateurs/5, referer: http://localhost:8888/profil.php
[Wed Aug 14 16:57:37.816336 2024] [php:notice] [pid 29] [client 192.168.65.1:45594] Requ\xc3\xaate re\xc3\xa7ue : /api/utilisateurs/5, referer: http://localhost:8888/profil.php
[Wed Aug 14 16:57:51.012454 2024] [php:notice] [pid 17] [client 192.168.65.1:22662] Requ\xc3\xaate re\xc3\xa7ue : /api/articles/categories/Electronique, referer: http://localhost:8888/articles.php?type=Electronique
[Wed Aug 14 17:01:25.465871 2024] [php:notice] [pid 28] [client 192.168.65.1:17913] Requ\xc3\xaate re\xc3\xa7ue : /api/articles/categories/Electronique, referer: http://localhost:8888/articles.php?type=Electronique
[Wed Aug 14 17:01:25.478024 2024] [php:notice] [pid 28] [client 192.168.65.1:17913] Requ\xc3\xaate re\xc3\xa7ue : /uploads/design-medium.jpg, referer: http://localhost:8888/articles.php?type=Electronique
[Wed Aug 14 17:01:25.480875 2024] [php:notice] [pid 27] [client 192.168.65.1:42715] Requ\xc3\xaate re\xc3\xa7ue : /uploads/ordi-portable, referer: http://localhost:8888/articles.php?type=Electronique
[Wed Aug 14 17:01:25.481398 2024] [php:notice] [pid 21] [client 192.168.65.1:19291] Requ\xc3\xaate re\xc3\xa7ue : /uploads/phone-13, referer: http://localhost:8888/articles.php?type=Electronique
[Wed Aug 14 17:01:25.483398 2024] [php:notice] [pid 19] [client 192.168.65.1:51389] Requ\xc3\xaate re\xc3\xa7ue : /uploads/smart-watch, referer: http://localhost:8888/articles.php?type=Electronique
[Wed Aug 14 17:01:25.483790 2024] [php:notice] [pid 20] [client 192.168.65.1:42820] Requ\xc3\xaate re\xc3\xa7ue : /uploads/tele-lg, referer: http://localhost:8888/articles.php?type=Electronique
[Wed Aug 14 17:01:25.484052 2024] [php:notice] [pid 28] [client 192.168.65.1:17913] Requ\xc3\xaate re\xc3\xa7ue : /uploads/samsung-s21, referer: http://localhost:8888/articles.php?type=Electronique
[Wed Aug 14 17:01:25.484633 2024] [php:notice] [pid 24] [client 192.168.65.1:62885] Requ\xc3\xaate re\xc3\xa7ue : /uploads/casque-vr, referer: http://localhost:8888/articles.php?type=Electronique
[Wed Aug 14 17:01:25.489654 2024] [php:notice] [pid 21] [client 192.168.65.1:19291] Requ\xc3\xaate re\xc3\xa7ue : /uploads/ipad, referer: http://localhost:8888/articles.php?type=Electronique
[Wed Aug 14 17:01:25.491004 2024] [php:notice] [pid 27] [client 192.168.65.1:42715] Requ\xc3\xaate re\xc3\xa7ue : /uploads/appareil-nikon, referer: http://localhost:8888/articles.php?type=Electronique
[Wed Aug 14 17:01:25.492272 2024] [php:notice] [pid 20] [client 192.168.65.1:42820] Requ\xc3\xaate re\xc3\xa7ue : /uploads/ps5, referer: http://localhost:8888/articles.php?type=Electronique
[Wed Aug 14 17:01:25.492935 2024] [php:notice] [pid 19] [client 192.168.65.1:51389] Requ\xc3\xaate re\xc3\xa7ue : /uploads/drone, referer: http://localhost:8888/articles.php?type=Electronique
[Wed Aug 14 17:01:25.493714 2024] [php:notice] [pid 28] [client 192.168.65.1:17913] Requ\xc3\xaate re\xc3\xa7ue : /uploads/airpods-max, referer: http://localhost:8888/articles.php?type=Electronique
[Wed Aug 14 17:02:10.670109 2024] [php:notice] [pid 25] [client 192.168.65.1:47760] Requ\xc3\xaate re\xc3\xa7ue : /api/articles/categories/Electronique, referer: http://localhost:8888/articles.php?type=Electronique
[Wed Aug 14 17:02:10.715077 2024] [php:notice] [pid 17] [client 192.168.65.1:23147] Requ\xc3\xaate re\xc3\xa7ue : /uploads/phone-13, referer: http://localhost:8888/articles.php?type=Electronique
[Wed Aug 14 17:02:10.715087 2024] [php:notice] [pid 27] [client 192.168.65.1:28636] Requ\xc3\xaate re\xc3\xa7ue : /uploads/casque-vr, referer: http://localhost:8888/articles.php?type=Electronique
[Wed Aug 14 17:02:10.715636 2024] [php:notice] [pid 25] [client 192.168.65.1:47760] Requ\xc3\xaate re\xc3\xa7ue : /uploads/samsung-s21, referer: http://localhost:8888/articles.php?type=Electronique
[Wed Aug 14 17:02:10.719771 2024] [php:notice] [pid 26] [client 192.168.65.1:40500] Requ\xc3\xaate re\xc3\xa7ue : /uploads/ordi-portable, referer: http://localhost:8888/articles.php?type=Electronique
[Wed Aug 14 17:02:10.719727 2024] [php:notice] [pid 24] [client 192.168.65.1:33032] Requ\xc3\xaate re\xc3\xa7ue : /uploads/smart-watch, referer: http://localhost:8888/articles.php?type=Electronique
[Wed Aug 14 17:02:10.719891 2024] [php:notice] [pid 30] [client 192.168.65.1:33947] Requ\xc3\xaate re\xc3\xa7ue : /uploads/tele-lg, referer: http://localhost:8888/articles.php?type=Electronique
[Wed Aug 14 17:02:10.728975 2024] [php:notice] [pid 17] [client 192.168.65.1:23147] Requ\xc3\xaate re\xc3\xa7ue : /uploads/ps5, referer: http://localhost:8888/articles.php?type=Electronique
[Wed Aug 14 17:02:10.731087 2024] [php:notice] [pid 27] [client 192.168.65.1:28636] Requ\xc3\xaate re\xc3\xa7ue : /uploads/ipad, referer: http://localhost:8888/articles.php?type=Electronique
[Wed Aug 14 17:02:10.732094 2024] [php:notice] [pid 25] [client 192.168.65.1:47760] Requ\xc3\xaate re\xc3\xa7ue : /uploads/appareil-nikon, referer: http://localhost:8888/articles.php?type=Electronique
[Wed Aug 14 17:02:10.735933 2024] [php:notice] [pid 26] [client 192.168.65.1:40500] Requ\xc3\xaate re\xc3\xa7ue : /uploads/airpods-max, referer: http://localhost:8888/articles.php?type=Electronique
[Wed Aug 14 17:02:10.736683 2024] [php:notice] [pid 24] [client 192.168.65.1:33032] Requ\xc3\xaate re\xc3\xa7ue : /uploads/drone, referer: http://localhost:8888/articles.php?type=Electronique
[Wed Aug 14 17:02:14.361633 2024] [php:notice] [pid 25] [client 192.168.65.1:47760] Requ\xc3\xaate re\xc3\xa7ue : /api/articles/categories/Electronique, referer: http://localhost:8888/articles.php?type=Electronique
[Wed Aug 14 17:02:14.376301 2024] [php:notice] [pid 25] [client 192.168.65.1:47760] Requ\xc3\xaate re\xc3\xa7ue : /uploads/ordi-portable, referer: http://localhost:8888/articles.php?type=Electronique
[Wed Aug 14 17:02:14.377144 2024] [php:notice] [pid 24] [client 192.168.65.1:33032] Requ\xc3\xaate re\xc3\xa7ue : /uploads/casque-vr, referer: http://localhost:8888/articles.php?type=Electronique
[Wed Aug 14 17:02:14.377151 2024] [php:notice] [pid 17] [client 192.168.65.1:23147] Requ\xc3\xaate re\xc3\xa7ue : /uploads/smart-watch, referer: http://localhost:8888/articles.php?type=Electronique
[Wed Aug 14 17:02:14.377921 2024] [php:notice] [pid 26] [client 192.168.65.1:40500] Requ\xc3\xaate re\xc3\xa7ue : /uploads/phone-13, referer: http://localhost:8888/articles.php?type=Electronique
[Wed Aug 14 17:02:14.378754 2024] [php:notice] [pid 27] [client 192.168.65.1:28636] Requ\xc3\xaate re\xc3\xa7ue : /uploads/tele-lg, referer: http://localhost:8888/articles.php?type=Electronique
[Wed Aug 14 17:02:14.388410 2024] [php:notice] [pid 25] [client 192.168.65.1:47760] Requ\xc3\xaate re\xc3\xa7ue : /uploads/samsung-s21, referer: http://localhost:8888/articles.php?type=Electronique
[Wed Aug 14 17:02:14.389294 2024] [php:notice] [pid 17] [client 192.168.65.1:23147] Requ\xc3\xaate re\xc3\xa7ue : /uploads/ipad, referer: http://localhost:8888/articles.php?type=Electronique
[Wed Aug 14 17:02:14.390876 2024] [php:notice] [pid 26] [client 192.168.65.1:40500] Requ\xc3\xaate re\xc3\xa7ue : /uploads/ps5, referer: http://localhost:8888/articles.php?type=Electronique
[Wed Aug 14 17:02:14.391750 2024] [php:notice] [pid 24] [client 192.168.65.1:33032] Requ\xc3\xaate re\xc3\xa7ue : /uploads/appareil-nikon, referer: http://localhost:8888/articles.php?type=Electronique
[Wed Aug 14 17:02:14.392246 2024] [php:notice] [pid 27] [client 192.168.65.1:28636] Requ\xc3\xaate re\xc3\xa7ue : /uploads/airpods-max, referer: http://localhost:8888/articles.php?type=Electronique
[Wed Aug 14 17:02:14.399237 2024] [php:notice] [pid 25] [client 192.168.65.1:47760] Requ\xc3\xaate re\xc3\xa7ue : /uploads/drone, referer: http://localhost:8888/articles.php?type=Electronique
[Wed Aug 14 17:02:23.965875 2024] [php:notice] [pid 28] [client 192.168.65.1:37825] Requ\xc3\xaate re\xc3\xa7ue : /api/articles, referer: http://localhost:8888/articles.php
[Wed Aug 14 17:02:23.985900 2024] [php:notice] [pid 28] [client 192.168.65.1:37825] Requ\xc3\xaate re\xc3\xa7ue : /uploads/velo-montagne, referer: http://localhost:8888/articles.php
[Wed Aug 14 17:02:23.993342 2024] [php:notice] [pid 19] [client 192.168.65.1:60473] Requ\xc3\xaate re\xc3\xa7ue : /uploads/ordi-portable, referer: http://localhost:8888/articles.php
[Wed Aug 14 17:02:23.993623 2024] [php:notice] [pid 20] [client 192.168.65.1:46331] Requ\xc3\xaate re\xc3\xa7ue : /uploads/chaise-bureau, referer: http://localhost:8888/articles.php
[Wed Aug 14 17:02:23.993584 2024] [php:notice] [pid 30] [client 192.168.65.1:30326] Requ\xc3\xaate re\xc3\xa7ue : /uploads/tapis-course, referer: http://localhost:8888/articles.php
[Wed Aug 14 17:02:23.994317 2024] [php:notice] [pid 28] [client 192.168.65.1:37825] Requ\xc3\xaate re\xc3\xa7ue : /uploads/canape, referer: http://localhost:8888/articles.php
[Wed Aug 14 17:02:23.995001 2024] [php:notice] [pid 17] [client 192.168.65.1:62334] Requ\xc3\xaate re\xc3\xa7ue : /uploads/phone-13, referer: http://localhost:8888/articles.php
[Wed Aug 14 17:02:23.996868 2024] [php:notice] [pid 31] [client 192.168.65.1:35438] Requ\xc3\xaate re\xc3\xa7ue : /uploads/table-suspension, referer: http://localhost:8888/articles.php
[Wed Aug 14 17:02:24.006410 2024] [php:notice] [pid 19] [client 192.168.65.1:60473] Requ\xc3\xaate re\xc3\xa7ue : /uploads/frigo-double, referer: http://localhost:8888/articles.php
[Wed Aug 14 17:02:24.007657 2024] [php:notice] [pid 30] [client 192.168.65.1:30326] Requ\xc3\xaate re\xc3\xa7ue : /uploads/table-basse, referer: http://localhost:8888/articles.php
[Wed Aug 14 17:02:24.008074 2024] [php:notice] [pid 28] [client 192.168.65.1:37825] Requ\xc3\xaate re\xc3\xa7ue : /uploads/casque-vr, referer: http://localhost:8888/articles.php
[Wed Aug 14 17:02:24.009281 2024] [php:notice] [pid 17] [client 192.168.65.1:62334] Requ\xc3\xaate re\xc3\xa7ue : /uploads/machine-cafe, referer: http://localhost:8888/articles.php
[Wed Aug 14 17:02:24.009281 2024] [php:notice] [pid 20] [client 192.168.65.1:46331] Requ\xc3\xaate re\xc3\xa7ue : /uploads/smart-watch, referer: http://localhost:8888/articles.php
[Wed Aug 14 17:02:24.009964 2024] [php:notice] [pid 31] [client 192.168.65.1:35438] Requ\xc3\xaate re\xc3\xa7ue : /uploads/velo-electrique, referer: http://localhost:8888/articles.php
[Wed Aug 14 17:02:24.014837 2024] [php:notice] [pid 19] [client 192.168.65.1:60473] Requ\xc3\xaate re\xc3\xa7ue : /uploads/tele-lg, referer: http://localhost:8888/articles.php
[Wed Aug 14 17:02:24.015785 2024] [php:notice] [pid 28] [client 192.168.65.1:37825] Requ\xc3\xaate re\xc3\xa7ue : /uploads/bureau, referer: http://localhost:8888/articles.php
[Wed Aug 14 17:02:24.016218 2024] [php:notice] [pid 30] [client 192.168.65.1:30326] Requ\xc3\xaate re\xc3\xa7ue : /uploads/velo-enfant, referer: http://localhost:8888/articles.php
[Wed Aug 14 17:02:24.016903 2024] [php:notice] [pid 17] [client 192.168.65.1:62334] Requ\xc3\xaate re\xc3\xa7ue : /uploads/lampe-led, referer: http://localhost:8888/articles.php
[Wed Aug 14 17:02:24.017339 2024] [php:notice] [pid 20] [client 192.168.65.1:46331] Requ\xc3\xaate re\xc3\xa7ue : /uploads/lave-vaisselle, referer: http://localhost:8888/articles.php
[Wed Aug 14 17:02:24.018020 2024] [php:notice] [pid 31] [client 192.168.65.1:35438] Requ\xc3\xaate re\xc3\xa7ue : /uploads/samsung-s21, referer: http://localhost:8888/articles.php
[Wed Aug 14 17:02:24.021268 2024] [php:notice] [pid 28] [client 192.168.65.1:37825] Requ\xc3\xaate re\xc3\xa7ue : /uploads/micro-ondes, referer: http://localhost:8888/articles.php
[Wed Aug 14 17:02:24.021390 2024] [php:notice] [pid 19] [client 192.168.65.1:60473] Requ\xc3\xaate re\xc3\xa7ue : /uploads/armoire-bois, referer: http://localhost:8888/articles.php
