[Wed Aug 14 18:06:49.530767 2024] [php:notice] [pid 47] [client 192.168.65.1:18769] Requ\xc3\xaate re\xc3\xa7ue : /uploads/montre-cuir.jpg, referer: http://localhost:8888/articles.php?type=Accessoires
[Wed Aug 14 18:06:49.539064 2024] [php:notice] [pid 50] [client 192.168.65.1:28937] Requ\xc3\xaate re\xc3\xa7ue : /uploads/lunettes-soleil.jpg, referer: http://localhost:8888/articles.php?type=Accessoires
[Wed Aug 14 18:06:49.544815 2024] [php:notice] [pid 51] [client 192.168.65.1:30784] Requ\xc3\xaate re\xc3\xa7ue : /uploads/gant-conduite.jpg, referer: http://localhost:8888/articles.php?type=Accessoires
[Wed Aug 14 18:06:49.549422 2024] [php:notice] [pid 46] [client 192.168.65.1:41296] Requ\xc3\xaate re\xc3\xa7ue : /uploads/sac-dos.jpg, referer: http://localhost:8888/articles.php?type=Accessoires
[Wed Aug 14 18:06:49.549741 2024] [php:notice] [pid 55] [client 192.168.65.1:48885] Requ\xc3\xaate re\xc3\xa7ue : /uploads/ceinture-cuir.jpg, referer: http://localhost:8888/articles.php?type=Accessoires
[Wed Aug 14 18:06:49.551621 2024] [php:notice] [pid 45] [client 192.168.65.1:62542] Requ\xc3\xaate re\xc3\xa7ue : /uploads/echarpe-laine.jpg, referer: http://localhost:8888/articles.php?type=Accessoires
[Wed Aug 14 18:07:25.244923 2024] [php:notice] [pid 52] [client 192.168.65.1:41976] Requ\xc3\xaate re\xc3\xa7ue : /api/articles/categories/Accessoires, referer: http://localhost:8888/articles.php?type=Accessoires
[Wed Aug 14 18:07:25.299630 2024] [php:notice] [pid 44] [client 192.168.65.1:60150] Requ\xc3\xaate re\xc3\xa7ue : /uploads/lunettes-soleil.jpg, referer: http://localhost:8888/articles.php?type=Accessoires
[Wed Aug 14 18:07:25.299778 2024] [php:notice] [pid 53] [client 192.168.65.1:44854] Requ\xc3\xaate re\xc3\xa7ue : /uploads/sac-dos.jpg, referer: http://localhost:8888/articles.php?type=Accessoires
[Wed Aug 14 18:07:25.300800 2024] [php:notice] [pid 47] [client 192.168.65.1:60113] Requ\xc3\xaate re\xc3\xa7ue : /uploads/echarpe-laine.jpg, referer: http://localhost:8888/articles.php?type=Accessoires
[Wed Aug 14 18:07:25.302080 2024] [php:notice] [pid 45] [client 192.168.65.1:53482] Requ\xc3\xaate re\xc3\xa7ue : /uploads/gant-conduite.jpg, referer: http://localhost:8888/articles.php?type=Accessoires
[Wed Aug 14 18:07:25.309963 2024] [php:notice] [pid 56] [client 192.168.65.1:51017] Requ\xc3\xaate re\xc3\xa7ue : /uploads/ceinture-cuir.jpg, referer: http://localhost:8888/articles.php?type=Accessoires
[Wed Aug 14 18:07:46.349319 2024] [php:notice] [pid 50] [client 192.168.65.1:26813] Requ\xc3\xaate re\xc3\xa7ue : /api/articles/categories/Accessoires, referer: http://localhost:8888/articles.php?type=Accessoires
[Wed Aug 14 18:07:46.396027 2024] [php:notice] [pid 46] [client 192.168.65.1:42397] Requ\xc3\xaate re\xc3\xa7ue : /uploads/sac-dos.jpg, referer: http://localhost:8888/articles.php?type=Accessoires
[Wed Aug 14 18:07:46.399153 2024] [php:notice] [pid 47] [client 192.168.65.1:21303] Requ\xc3\xaate re\xc3\xa7ue : /uploads/echarpe-laine.jpg, referer: http://localhost:8888/articles.php?type=Accessoires
[Wed Aug 14 18:07:46.399204 2024] [php:notice] [pid 52] [client 192.168.65.1:59781] Requ\xc3\xaate re\xc3\xa7ue : /uploads/gant-conduite.jpg, referer: http://localhost:8888/articles.php?type=Accessoires
[Wed Aug 14 18:07:46.407652 2024] [php:notice] [pid 57] [client 192.168.65.1:19179] Requ\xc3\xaate re\xc3\xa7ue : /uploads/ceinture-cuir.jpg, referer: http://localhost:8888/articles.php?type=Accessoires
[Wed Aug 14 18:07:47.994755 2024] [php:notice] [pid 50] [client 192.168.65.1:26813] Requ\xc3\xaate re\xc3\xa7ue : /api/articles/69, referer: http://localhost:8888/produits.php?id=69
[Wed Aug 14 18:07:48.026466 2024] [php:notice] [pid 50] [client 192.168.65.1:26813] Requ\xc3\xaate re\xc3\xa7ue : /uploads/sac-dos.jpg, referer: http://localhost:8888/produits.php?id=69
[Wed Aug 14 18:07:48.026396 2024] [php:notice] [pid 46] [client 192.168.65.1:42397] Requ\xc3\xaate re\xc3\xa7ue : /api/articles/categories_limit/Accessoires, referer: http://localhost:8888/produits.php?id=69
[Wed Aug 14 18:07:48.060153 2024] [php:notice] [pid 46] [client 192.168.65.1:42397] Requ\xc3\xaate re\xc3\xa7ue : /uploads/ceinture-cuir.jpg, referer: http://localhost:8888/produits.php?id=69
[Wed Aug 14 18:07:48.060884 2024] [php:notice] [pid 50] [client 192.168.65.1:26813] Requ\xc3\xaate re\xc3\xa7ue : /uploads/sac-dos.jpg, referer: http://localhost:8888/produits.php?id=69
[Wed Aug 14 18:08:15.085065 2024] [php:notice] [pid 44] [client 192.168.65.1:58455] Requ\xc3\xaate re\xc3\xa7ue : /api/articles/69, referer: http://localhost:8888/produits.php?id=69
[Wed Aug 14 18:08:15.109227 2024] [php:notice] [pid 45] [client 192.168.65.1:61926] Requ\xc3\xaate re\xc3\xa7ue : /api/articles/categories_limit/Accessoires, referer: http://localhost:8888/produits.php?id=69
[Wed Aug 14 18:08:15.125079 2024] [php:notice] [pid 44] [client 192.168.65.1:58455] Requ\xc3\xaate re\xc3\xa7ue : /uploads/ceinture-cuir.jpg, referer: http://localhost:8888/produits.php?id=69
[Wed Aug 14 18:08:16.892385 2024] [php:notice] [pid 44] [client 192.168.65.1:58455] Requ\xc3\xaate re\xc3\xa7ue : /api/articles/categories/Accessoires, referer: http://localhost:8888/articles.php?type=Accessoires
[Wed Aug 14 18:08:16.912546 2024] [php:notice] [pid 44] [client 192.168.65.1:58455] Requ\xc3\xaate re\xc3\xa7ue : /uploads/ceinture-cuir.jpg, referer: http://localhost:8888/articles.php?type=Accessoires
[Wed Aug 14 18:08:16.913417 2024] [php:notice] [pid 56] [client 192.168.65.1:26182] Requ\xc3\xaate re\xc3\xa7ue : /uploads/echarpe-laine.jpg, referer: http://localhost:8888/articles.php?type=Accessoires
[Wed Aug 14 18:08:16.914119 2024] [php:notice] [pid 45] [client 192.168.65.1:61926] Requ\xc3\xaate re\xc3\xa7ue : /uploads/gant-conduite.jpg, referer: http://localhost:8888/articles.php?type=Accessoires
[Wed Aug 14 18:08:58.134981 2024] [php:notice] [pid 55] [client 192.168.65.1:23185] Requ\xc3\xaate re\xc3\xa7ue : /api/articles/categories/Accessoires, referer: http://localhost:8888/articles.php?type=Accessoires
[Wed Aug 14 18:08:58.177175 2024] [php:notice] [pid 52] [client 192.168.65.1:55511] Requ\xc3\xaate re\xc3\xa7ue : /uploads/echarpe-laine.jpg, referer: http://localhost:8888/articles.php?type=Accessoires
[Wed Aug 14 18:08:58.177160 2024] [php:notice] [pid 47] [client 192.168.65.1:53592] Requ\xc3\xaate re\xc3\xa7ue : /uploads/gant-conduite.jpg, referer: http://localhost:8888/articles.php?type=Accessoires
[Wed Aug 14 18:09:25.680418 2024] [php:notice] [pid 44] [client 192.168.65.1:55239] Requ\xc3\xaate re\xc3\xa7ue : /api/articles/categories/Accessoires, referer: http://localhost:8888/articles.php?type=Accessoires
[Wed Aug 14 18:09:25.742715 2024] [php:notice] [pid 45] [client 192.168.65.1:52519] Requ\xc3\xaate re\xc3\xa7ue : /uploads/echarpe-laine.jpg, referer: http://localhost:8888/articles.php?type=Accessoires
[Wed Aug 14 18:09:54.855078 2024] [php:notice] [pid 57] [client 192.168.65.1:61278] Requ\xc3\xaate re\xc3\xa7ue : /api/articles/categories/Accessoires, referer: http://localhost:8888/articles.php?type=Accessoires
[Wed Aug 14 18:09:57.639173 2024] [php:notice] [pid 57] [client 192.168.65.1:61278] Requ\xc3\xaate re\xc3\xa7ue : /api/articles, referer: http://localhost:8888/articles.php
[Wed Aug 14 18:09:58.201876 2024] [php:notice] [pid 57] [client 192.168.65.1:61278] Requ\xc3\xaate re\xc3\xa7ue : /api/articles/categories/Vetements, referer: http://localhost:8888/articles.php?type=Vetements
[Wed Aug 14 18:09:58.769469 2024] [php:notice] [pid 57] [client 192.168.65.1:61278] Requ\xc3\xaate re\xc3\xa7ue : /api/articles/categories/Electronique, referer: http://localhost:8888/articles.php?type=Electronique
[Wed Aug 14 18:09:59.369477 2024] [php:notice] [pid 57] [client 192.168.65.1:61278] Requ\xc3\xaate re\xc3\xa7ue : /api/articles/categories/Sport, referer: http://localhost:8888/articles.php?type=Sport
[Wed Aug 14 18:09:59.928172 2024] [php:notice] [pid 57] [client 192.168.65.1:61278] Requ\xc3\xaate re\xc3\xa7ue : /api/articles/categories/Educatif, referer: http://localhost:8888/articles.php?type=Educatif
[Wed Aug 14 18:10:00.453228 2024] [php:notice] [pid 57] [client 192.168.65.1:61278] Requ\xc3\xaate re\xc3\xa7ue : /api/articles/categories/Accessoires, referer: http://localhost:8888/articles.php?type=Accessoires
[Wed Aug 14 18:10:01.032381 2024] [php:notice] [pid 57] [client 192.168.65.1:61278] Requ\xc3\xaate re\xc3\xa7ue : /api/articles/categories/Decorations, referer: http://localhost:8888/articles.php?type=Decorations
[Wed Aug 14 18:10:40.737566 2024] [php:notice] [pid 55] [client 192.168.65.1:49506] Requ\xc3\xaate re\xc3\xa7ue : /api/articles/categories/Decorations, referer: http://localhost:8888/articles.php?type=Decorations
[Wed Aug 14 18:10:40.763243 2024] [php:notice] [pid 55] [client 192.168.65.1:49506] Requ\xc3\xaate re\xc3\xa7ue : /uploads/cadre-photo-bois.jpg, referer: http://localhost:8888/articles.php?type=Decorations
[Wed Aug 14 18:10:40.769938 2024] [php:notice] [pid 56] [client 192.168.65.1:20782] Requ\xc3\xaate re\xc3\xa7ue : /uploads/plante-artificielle.jpg, referer: http://localhost:8888/articles.php?type=Decorations
[Wed Aug 14 18:10:40.772665 2024] [php:notice] [pid 59] [client 192.168.65.1:22188] Requ\xc3\xaate re\xc3\xa7ue : /uploads/vase-ceramique.jpg, referer: http://localhost:8888/articles.php?type=Decorations
[Wed Aug 14 18:10:40.773539 2024] [php:notice] [pid 45] [client 192.168.65.1:27075] Requ\xc3\xaate re\xc3\xa7ue : /uploads/tapis-oriental.jpg, referer: http://localhost:8888/articles.php?type=Decorations
[Wed Aug 14 18:10:40.775147 2024] [php:notice] [pid 61] [client 192.168.65.1:65506] Requ\xc3\xaate re\xc3\xa7ue : /uploads/bougie-parfumee.jpg, referer: http://localhost:8888/articles.php?type=Decorations
[Wed Aug 14 18:10:40.775183 2024] [php:notice] [pid 60] [client 192.168.65.1:51624] Requ\xc3\xaate re\xc3\xa7ue : /uploads/tableau-moderne.jpg, referer: http://localhost:8888/articles.php?type=Decorations
[Wed Aug 14 18:11:15.797342 2024] [php:notice] [pid 44] [client 192.168.65.1:50430] Requ\xc3\xaate re\xc3\xa7ue : /api/articles/categories/Decorations, referer: http://localhost:8888/articles.php?type=Decorations
[Wed Aug 14 18:11:15.857330 2024] [php:notice] [pid 47] [client 192.168.65.1:41557] Requ\xc3\xaate re\xc3\xa7ue : /uploads/vase-ceramique.jpg, referer: http://localhost:8888/articles.php?type=Decorations
[Wed Aug 14 18:11:15.860749 2024] [php:notice] [pid 55] [client 192.168.65.1:32375] Requ\xc3\xaate re\xc3\xa7ue : /uploads/tableau-moderne.jpg, referer: http://localhost:8888/articles.php?type=Decorations
[Wed Aug 14 18:11:15.860822 2024] [php:notice] [pid 57] [client 192.168.65.1:29483] Requ\xc3\xaate re\xc3\xa7ue : /uploads/tapis-oriental.jpg, referer: http://localhost:8888/articles.php?type=Decorations
[Wed Aug 14 18:11:15.862081 2024] [php:notice] [pid 45] [client 192.168.65.1:37300] Requ\xc3\xaate re\xc3\xa7ue : /uploads/plante-artificielle.jpg, referer: http://localhost:8888/articles.php?type=Decorations
[Wed Aug 14 18:11:15.864798 2024] [php:notice] [pid 62] [client 192.168.65.1:51860] Requ\xc3\xaate re\xc3\xa7ue : /uploads/bougie-parfumee.jpg, referer: http://localhost:8888/articles.php?type=Decorations
[Wed Aug 14 18:11:42.339938 2024] [php:notice] [pid 56] [client 192.168.65.1:57731] Requ\xc3\xaate re\xc3\xa7ue : /api/articles/categories/Decorations, referer: http://localhost:8888/articles.php?type=Decorations
[Wed Aug 14 18:11:42.403803 2024] [php:notice] [pid 47] [client 192.168.65.1:34557] Requ\xc3\xaate re\xc3\xa7ue : /uploads/tableau-moderne.jpg, referer: http://localhost:8888/articles.php?type=Decorations
[Wed Aug 14 18:11:42.403803 2024] [php:notice] [pid 60] [client 192.168.65.1:16808] Requ\xc3\xaate re\xc3\xa7ue : /uploads/bougie-parfumee.jpg, referer: http://localhost:8888/articles.php?type=Decorations
[Wed Aug 14 18:11:42.403901 2024] [php:notice] [pid 61] [client 192.168.65.1:29871] Requ\xc3\xaate re\xc3\xa7ue : /uploads/tapis-oriental.jpg, referer: http://localhost:8888/articles.php?type=Decorations
[Wed Aug 14 18:11:42.405664 2024] [php:notice] [pid 44] [client 192.168.65.1:53142] Requ\xc3\xaate re\xc3\xa7ue : /uploads/plante-artificielle.jpg, referer: http://localhost:8888/articles.php?type=Decorations
[Wed Aug 14 18:12:03.403068 2024] [php:notice] [pid 45] [client 192.168.65.1:54651] Requ\xc3\xaate re\xc3\xa7ue : /api/articles/categories/Decorations, referer: http://localhost:8888/articles.php?type=Decorations
[Wed Aug 14 18:12:03.467235 2024] [php:notice] [pid 62] [client 192.168.65.1:51117] Requ\xc3\xaate re\xc3\xa7ue : /uploads/tableau-moderne.jpg, referer: http://localhost:8888/articles.php?type=Decorations
[Wed Aug 14 18:12:03.467486 2024] [php:notice] [pid 57] [client 192.168.65.1:39851] Requ\xc3\xaate re\xc3\xa7ue : /uploads/bougie-parfumee.jpg, referer: http://localhost:8888/articles.php?type=Decorations
[Wed Aug 14 18:12:03.475209 2024] [php:notice] [pid 64] [client 192.168.65.1:64633] Requ\xc3\xaate re\xc3\xa7ue : /uploads/plante-artificielle.jpg, referer: http://localhost:8888/articles.php?type=Decorations
[Wed Aug 14 18:12:25.837787 2024] [php:notice] [pid 47] [client 192.168.65.1:32878] Requ\xc3\xaate re\xc3\xa7ue : /api/articles/categories/Decorations, referer: http://localhost:8888/articles.php?type=Decorations
[Wed Aug 14 18:12:25.894785 2024] [php:notice] [pid 61] [client 192.168.65.1:35340] Requ\xc3\xaate re\xc3\xa7ue : /uploads/tableau-moderne.jpg, referer: http://localhost:8888/articles.php?type=Decorations
[Wed Aug 14 18:12:25.896214 2024] [php:notice] [pid 60] [client 192.168.65.1:27806] Requ\xc3\xaate re\xc3\xa7ue : /uploads/plante-artificielle.jpg, referer: http://localhost:8888/articles.php?type=Decorations
[Wed Aug 14 18:12:27.634759 2024] [php:notice] [pid 47] [client 192.168.65.1:32878] Requ\xc3\xaate re\xc3\xa7ue : /api/articles/77, referer: http://localhost:8888/produits.php?id=77
[Wed Aug 14 18:12:27.645264 2024] [php:notice] [pid 61] [client 192.168.65.1:35340] Requ\xc3\xaate re\xc3\xa7ue : /api/articles/categories_limit/D%C3%A9corations, referer: http://localhost:8888/produits.php?id=77
[Wed Aug 14 18:12:27.645264 2024] [php:notice] [pid 47] [client 192.168.65.1:32878] Requ\xc3\xaate re\xc3\xa7ue : /uploads/tableau-moderne.jpg, referer: http://localhost:8888/produits.php?id=77
[Wed Aug 14 18:12:47.258118 2024] [php:notice] [pid 62] [client 192.168.65.1:22819] Requ\xc3\xaate re\xc3\xa7ue : /api/articles/77, referer: http://localhost:8888/produits.php?id=77
[Wed Aug 14 18:12:47.301130 2024] [php:notice] [pid 57] [client 192.168.65.1:29683] Requ\xc3\xaate re\xc3\xa7ue : /api/articles/categories_limit/D%C3%A9corations, referer: http://localhost:8888/produits.php?id=77
[Wed Aug 14 18:13:10.367543 2024] [php:notice] [pid 64] [client 192.168.65.1:53477] Requ\xc3\xaate re\xc3\xa7ue : /api/articles/categories/Decorations, referer: http://localhost:8888/articles.php?type=Decorations
[Wed Aug 14 18:13:13.010790 2024] [php:notice] [pid 64] [client 192.168.65.1:53477] Requ\xc3\xaate re\xc3\xa7ue : /api/articles, referer: http://localhost:8888/articles.php
[Wed Aug 14 18:13:13.890035 2024] [php:notice] [pid 64] [client 192.168.65.1:53477] Requ\xc3\xaate re\xc3\xa7ue : /api/articles/categories/Vetements, referer: http://localhost:8888/articles.php?type=Vetements
[Wed Aug 14 18:13:14.552335 2024] [php:notice] [pid 64] [client 192.168.65.1:53477] Requ\xc3\xaate re\xc3\xa7ue : /api/articles/categories/Electronique, referer: http://localhost:8888/articles.php?type=Electronique
[Wed Aug 14 18:13:15.303512 2024] [php:notice] [pid 64] [client 192.168.65.1:53477] Requ\xc3\xaate re\xc3\xa7ue : /api/articles/categories/Sport, referer: http://localhost:8888/articles.php?type=Sport
[Wed Aug 14 18:13:16.513575 2024] [php:notice] [pid 64] [client 192.168.65.1:53477] Requ\xc3\xaate re\xc3\xa7ue : /api/articles/categories/Educatif, referer: http://localhost:8888/articles.php?type=Educatif
[Wed Aug 14 18:13:17.144547 2024] [php:notice] [pid 64] [client 192.168.65.1:53477] Requ\xc3\xaate re\xc3\xa7ue : /api/articles/categories/Accessoires, referer: http://localhost:8888/articles.php?type=Accessoires
[Wed Aug 14 18:13:17.779046 2024] [php:notice] [pid 64] [client 192.168.65.1:53477] Requ\xc3\xaate re\xc3\xa7ue : /api/articles/categories/Decorations, referer: http://localhost:8888/articles.php?type=Decorations
[Wed Aug 14 18:13:18.512826 2024] [php:notice] [pid 64] [client 192.168.65.1:53477] Requ\xc3\xaate re\xc3\xa7ue : /api/articles/categories/Sante_beaute, referer: http://localhost:8888/articles.php?type=Sante_beaute
[Wed Aug 14 18:14:34.948894 2024] [php:notice] [pid 47] [client 192.168.65.1:21816] Requ\xc3\xaate re\xc3\xa7ue : /api/articles/categories/Sante_beaute, referer: http://localhost:8888/articles.php?type=Sante_beaute
[Wed Aug 14 18:14:34.971794 2024] [php:notice] [pid 47] [client 192.168.65.1:21816] Requ\xc3\xaate re\xc3\xa7ue : /uploads/creme-hydratante.jpg, referer: http://localhost:8888/articles.php?type=Sante_beaute
[Wed Aug 14 18:14:34.990140 2024] [php:notice] [pid 62] [client 192.168.65.1:36463] Requ\xc3\xaate re\xc3\xa7ue : /uploads/shampooing-revitalisant.jpg, referer: http://localhost:8888/articles.php?type=Sante_beaute
[Wed Aug 14 18:14:34.990139 2024] [php:notice] [pid 57] [client 192.168.65.1:32793] Requ\xc3\xaate re\xc3\xa7ue : /uploads/parfum-floral.jpg, referer: http://localhost:8888/articles.php?type=Sante_beaute
[Wed Aug 14 18:14:34.992231 2024] [php:notice] [pid 60] [client 192.168.65.1:17714] Requ\xc3\xaate re\xc3\xa7ue : /uploads/masque-facial.jpg, referer: http://localhost:8888/articles.php?type=Sante_beaute
[Wed Aug 14 18:14:34.994057 2024] [php:notice] [pid 67] [client 192.168.65.1:19014] Requ\xc3\xaate re\xc3\xa7ue : /uploads/brosse-cheveux.jpg, referer: http://localhost:8888/articles.php?type=Sante_beaute
[Wed Aug 14 18:14:34.994225 2024] [php:notice] [pid 65] [client 192.168.65.1:21664] Requ\xc3\xaate re\xc3\xa7ue : /uploads/serum-anti-age.jpg, referer: http://localhost:8888/articles.php?type=Sante_beaute
[Wed Aug 14 18:15:04.113799 2024] [php:notice] [pid 66] [client 192.168.65.1:21707] Requ\xc3\xaate re\xc3\xa7ue : /api/articles/categories/Sante_beaute, referer: http://localhost:8888/articles.php?type=Sante_beaute
[Wed Aug 14 18:15:04.175926 2024] [php:notice] [pid 45] [client 192.168.65.1:36436] Requ\xc3\xaate re\xc3\xa7ue : /uploads/serum-anti-age.jpg, referer: http://localhost:8888/articles.php?type=Sante_beaute
[Wed Aug 14 18:15:04.178094 2024] [php:notice] [pid 64] [client 192.168.65.1:20527] Requ\xc3\xaate re\xc3\xa7ue : /uploads/brosse-cheveux.jpg, referer: http://localhost:8888/articles.php?type=Sante_beaute
[Wed Aug 14 18:15:04.179940 2024] [php:notice] [pid 47] [client 192.168.65.1:61882] Requ\xc3\xaate re\xc3\xa7ue : /uploads/parfum-floral.jpg, referer: http://localhost:8888/articles.php?type=Sante_beaute
[Wed Aug 14 18:15:04.180135 2024] [php:notice] [pid 62] [client 192.168.65.1:20211] Requ\xc3\xaate re\xc3\xa7ue : /uploads/masque-facial.jpg, referer: http://localhost:8888/articles.php?type=Sante_beaute
[Wed Aug 14 18:15:04.183080 2024] [php:notice] [pid 68] [client 192.168.65.1:28718] Requ\xc3\xaate re\xc3\xa7ue : /uploads/shampooing-revitalisant.jpg, referer: http://localhost:8888/articles.php?type=Sante_beaute
[Wed Aug 14 18:15:44.553603 2024] [php:notice] [pid 57] [client 192.168.65.1:24619] Requ\xc3\xaate re\xc3\xa7ue : /api/articles/categories/Sante_beaute, referer: http://localhost:8888/articles.php?type=Sante_beaute
[Wed Aug 14 18:15:44.586213 2024] [php:notice] [pid 57] [client 192.168.65.1:24619] Requ\xc3\xaate re\xc3\xa7ue : /uploads/shampooing-revitalisant.jpg, referer: http://localhost:8888/articles.php?type=Sante_beaute
[Wed Aug 14 18:15:44.603135 2024] [php:notice] [pid 66] [client 192.168.65.1:45494] Requ\xc3\xaate re\xc3\xa7ue : /uploads/serum-anti-age.jpg, referer: http://localhost:8888/articles.php?type=Sante_beaute
[Wed Aug 14 18:15:44.607224 2024] [php:notice] [pid 45] [client 192.168.65.1:31495] Requ\xc3\xaate re\xc3\xa7ue : /uploads/masque-facial.jpg, referer: http://localhost:8888/articles.php?type=Sante_beaute
[Wed Aug 14 18:15:44.607337 2024] [php:notice] [pid 65] [client 192.168.65.1:55470] Requ\xc3\xaate re\xc3\xa7ue : /uploads/parfum-floral.jpg, referer: http://localhost:8888/articles.php?type=Sante_beaute
[Wed Aug 14 18:15:44.608384 2024] [php:notice] [pid 69] [client 192.168.65.1:64520] Requ\xc3\xaate re\xc3\xa7ue : /uploads/brosse-cheveux.jpg, referer: http://localhost:8888/articles.php?type=Sante_beaute
[Wed Aug 14 18:15:45.510107 2024] [php:notice] [pid 57] [client 192.168.65.1:24619] Requ\xc3\xaate re\xc3\xa7ue : /api/articles/categories/Sante_beaute, referer: http://localhost:8888/articles.php?type=Sante_beaute
[Wed Aug 14 18:15:45.529098 2024] [php:notice] [pid 65] [client 192.168.65.1:55470] Requ\xc3\xaate re\xc3\xa7ue : /uploads/parfum-floral.jpg, referer: http://localhost:8888/articles.php?type=Sante_beaute
[Wed Aug 14 18:15:45.529738 2024] [php:notice] [pid 67] [client 192.168.65.1:60386] Requ\xc3\xaate re\xc3\xa7ue : /uploads/brosse-cheveux.jpg, referer: http://localhost:8888/articles.php?type=Sante_beaute
[Wed Aug 14 18:15:45.529610 2024] [php:notice] [pid 69] [client 192.168.65.1:64520] Requ\xc3\xaate re\xc3\xa7ue : /uploads/serum-anti-age.jpg, referer: http://localhost:8888/articles.php?type=Sante_beaute
[Wed Aug 14 18:15:45.530330 2024] [php:notice] [pid 57] [client 192.168.65.1:24619] Requ\xc3\xaate re\xc3\xa7ue : /uploads/shampooing-revitalisant.jpg, referer: http://localhost:8888/articles.php?type=Sante_beaute
[Wed Aug 14 18:15:45.530671 2024] [php:notice] [pid 66] [client 192.168.65.1:45494] Requ\xc3\xaate re\xc3\xa7ue : /uploads/masque-facial.jpg, referer: http://localhost:8888/articles.php?type=Sante_beaute
[Wed Aug 14 18:16:10.650276 2024] [php:notice] [pid 47] [client 192.168.65.1:28392] Requ\xc3\xaate re\xc3\xa7ue : /api/articles/categories/Sante_beaute, referer: http://localhost:8888/articles.php?type=Sante_beaute
[Wed Aug 14 18:16:10.683158 2024] [php:notice] [pid 62] [client 192.168.65.1:42880] Requ\xc3\xaate re\xc3\xa7ue : /uploads/parfum-floral.jpg, referer: http://localhost:8888/articles.php?type=Sante_beaute
[Wed Aug 14 18:16:10.683188 2024] [php:notice] [pid 45] [client 192.168.65.1:49437] Requ\xc3\xaate re\xc3\xa7ue : /uploads/serum-anti-age.jpg, referer: http://localhost:8888/articles.php?type=Sante_beaute
[Wed Aug 14 18:16:10.683509 2024] [php:notice] [pid 69] [client 192.168.65.1:61680] Requ\xc3\xaate re\xc3\xa7ue : /uploads/masque-facial.jpg, referer: http://localhost:8888/articles.php?type=Sante_beaute
[Wed Aug 14 18:16:10.684015 2024] [php:notice] [pid 70] [client 192.168.65.1:41162] Requ\xc3\xaate re\xc3\xa7ue : /uploads/brosse-cheveux.jpg, referer: http://localhost:8888/articles.php?type=Sante_beaute
[Wed Aug 14 18:16:39.739933 2024] [php:notice] [pid 57] [client 192.168.65.1:21631] Requ\xc3\xaate re\xc3\xa7ue : /api/articles/categories/Sante_beaute, referer: http://localhost:8888/articles.php?type=Sante_beaute
[Wed Aug 14 18:16:39.787424 2024] [php:notice] [pid 65] [client 192.168.65.1:51410] Requ\xc3\xaate re\xc3\xa7ue : /uploads/serum-anti-age.jpg, referer: http://localhost:8888/articles.php?type=Sante_beaute
[Wed Aug 14 18:16:39.788236 2024] [php:notice] [pid 66] [client 192.168.65.1:21800] Requ\xc3\xaate re\xc3\xa7ue : /uploads/masque-facial.jpg, referer: http://localhost:8888/articles.php?type=Sante_beaute
[Wed Aug 14 18:16:39.803704 2024] [php:notice] [pid 71] [client 192.168.65.1:16423] Requ\xc3\xaate re\xc3\xa7ue : /uploads/brosse-cheveux.jpg, referer: http://localhost:8888/articles.php?type=Sante_beaute
[Wed Aug 14 18:16:41.400725 2024] [php:notice] [pid 57] [client 192.168.65.1:21631] Requ\xc3\xaate re\xc3\xa7ue : /api/articles/82, referer: http://localhost:8888/produits.php?id=82
[Wed Aug 14 18:16:41.432415 2024] [php:notice] [pid 65] [client 192.168.65.1:51410] Requ\xc3\xaate re\xc3\xa7ue : /api/articles/categories_limit/Sante_beaute, referer: http://localhost:8888/produits.php?id=82
[Wed Aug 14 18:16:41.432782 2024] [php:notice] [pid 57] [client 192.168.65.1:21631] Requ\xc3\xaate re\xc3\xa7ue : /uploads/brosse-cheveux.jpg, referer: http://localhost:8888/produits.php?id=82
[Wed Aug 14 18:16:41.442714 2024] [php:notice] [pid 57] [client 192.168.65.1:21631] Requ\xc3\xaate re\xc3\xa7ue : /uploads/brosse-cheveux.jpg, referer: http://localhost:8888/produits.php?id=82
[Wed Aug 14 18:17:05.465918 2024] [php:notice] [pid 62] [client 192.168.65.1:33736] Requ\xc3\xaate re\xc3\xa7ue : /api/articles/82, referer: http://localhost:8888/produits.php?id=82
[Wed Aug 14 18:17:05.506094 2024] [php:notice] [pid 45] [client 192.168.65.1:39227] Requ\xc3\xaate re\xc3\xa7ue : /api/articles/categories_limit/Sante_beaute, referer: http://localhost:8888/produits.php?id=82
[Wed Aug 14 18:17:09.713351 2024] [php:notice] [pid 62] [client 192.168.65.1:33736] Requ\xc3\xaate re\xc3\xa7ue : /api/articles/83, referer: http://localhost:8888/produits.php?id=83
[Wed Aug 14 18:17:09.730545 2024] [php:notice] [pid 45] [client 192.168.65.1:39227] Requ\xc3\xaate re\xc3\xa7ue : /api/articles/categories_limit/Sante_beaute, referer: http://localhost:8888/produits.php?id=83
[Wed Aug 14 18:17:09.731743 2024] [php:notice] [pid 62] [client 192.168.65.1:33736] Requ\xc3\xaate re\xc3\xa7ue : /uploads/serum-anti-age.jpg, referer: http://localhost:8888/produits.php?id=83
[Wed Aug 14 18:17:56.245763 2024] [php:notice] [pid 72] [client 192.168.65.1:26263] Requ\xc3\xaate re\xc3\xa7ue : /api/articles/83, referer: http://localhost:8888/produits.php?id=83
[Wed Aug 14 18:17:56.290906 2024] [php:notice] [pid 47] [client 192.168.65.1:17676] Requ\xc3\xaate re\xc3\xa7ue : /api/articles/categories_limit/Sante_beaute, referer: http://localhost:8888/produits.php?id=83
[Wed Aug 14 18:17:59.093608 2024] [php:notice] [pid 72] [client 192.168.65.1:26263] Requ\xc3\xaate re\xc3\xa7ue : /api/articles/categories/Sante_beaute, referer: http://localhost:8888/articles.php?type=Sante_beaute
[Wed Aug 14 18:17:59.112151 2024] [php:notice] [pid 72] [client 192.168.65.1:26263] Requ\xc3\xaate re\xc3\xa7ue : /uploads/masque-facial.jpg, referer: http://localhost:8888/articles.php?type=Sante_beaute
[Wed Aug 14 18:18:26.063009 2024] [php:notice] [pid 71] [client 192.168.65.1:61493] Requ\xc3\xaate re\xc3\xa7ue : /api/articles/categories/Sante_beaute, referer: http://localhost:8888/articles.php?type=Sante_beaute
[Wed Aug 14 18:18:29.073366 2024] [php:notice] [pid 71] [client 192.168.65.1:61493] Requ\xc3\xaate re\xc3\xa7ue : /api/articles, referer: http://localhost:8888/articles.php
[Wed Aug 14 18:18:37.309971 2024] [php:notice] [pid 66] [client 192.168.65.1:55682] Requ\xc3\xaate re\xc3\xa7ue : /api/articles/categories/Vetements, referer: http://localhost:8888/articles.php?type=Vetements
[Wed Aug 14 18:18:40.749147 2024] [php:notice] [pid 66] [client 192.168.65.1:55682] Requ\xc3\xaate re\xc3\xa7ue : /api/articles/categories/Electronique, referer: http://localhost:8888/articles.php?type=Electronique
[Wed Aug 14 18:18:44.067579 2024] [php:notice] [pid 66] [client 192.168.65.1:55682] Requ\xc3\xaate re\xc3\xa7ue : /api/articles/categories/Educatif, referer: http://localhost:8888/articles.php?type=Educatif
[Wed Aug 14 18:18:45.071285 2024] [php:notice] [pid 66] [client 192.168.65.1:55682] Requ\xc3\xaate re\xc3\xa7ue : /api/articles/categories/Decorations, referer: http://localhost:8888/articles.php?type=Decorations
[Wed Aug 14 18:18:45.584902 2024] [php:notice] [pid 66] [client 192.168.65.1:55682] Requ\xc3\xaate re\xc3\xa7ue : /api/articles/categories/Sante_beaute, referer: http://localhost:8888/articles.php?type=Sante_beaute
[Wed Aug 14 18:18:48.421947 2024] [php:notice] [pid 66] [client 192.168.65.1:55682] Requ\xc3\xaate re\xc3\xa7ue : /api/articles, referer: http://localhost:8888/articles.php
[Wed Aug 14 18:18:53.149121 2024] [php:notice] [pid 66] [client 192.168.65.1:55682] Requ\xc3\xaate re\xc3\xa7ue : /api/articles, referer: http://localhost:8888/articles.php
[Wed Aug 14 18:19:06.155414 2024] [php:notice] [pid 57] [client 192.168.65.1:24286] Requ\xc3\xaate re\xc3\xa7ue : /api/articles, referer: http://localhost:8888/articles.php
[Wed Aug 14 18:19:13.506369 2024] [php:notice] [pid 62] [client 192.168.65.1:41057] Requ\xc3\xaate re\xc3\xa7ue : /api/articles, referer: http://localhost:8888/articles.php
[Wed Aug 14 18:19:16.253574 2024] [php:notice] [pid 62] [client 192.168.65.1:41057] Requ\xc3\xaate re\xc3\xa7ue : /api/articles, referer: http://localhost:8888/articles.php
[Wed Aug 14 18:19:19.884482 2024] [php:notice] [pid 62] [client 192.168.65.1:41057] Requ\xc3\xaate re\xc3\xa7ue : /api/articles, referer: http://localhost:8888/articles.php
[Wed Aug 14 18:19:23.533620 2024] [php:notice] [pid 62] [client 192.168.65.1:41057] Requ\xc3\xaate re\xc3\xa7ue : /api/articles, referer: http://localhost:8888/articles.php
[Wed Aug 14 18:19:29.355085 2024] [php:notice] [pid 70] [client 192.168.65.1:58525] Requ\xc3\xaate re\xc3\xa7ue : /api/articles, referer: http://localhost:8888/articles.php
[Wed Aug 14 18:21:50.937073 2024] [php:notice] [pid 66] [client 192.168.65.1:47445] Requ\xc3\xaate re\xc3\xa7ue : /api/articles, referer: http://localhost:8888/articles.php
[Wed Aug 14 18:23:32.139835 2024] [php:notice] [pid 74] [client 192.168.65.1:28282] Requ\xc3\xaate re\xc3\xa7ue : /api/articles
[Wed Aug 14 18:24:10.696827 2024] [php:notice] [pid 62] [client 192.168.65.1:27920] Requ\xc3\xaate re\xc3\xa7ue : /api/articles
[Wed Aug 14 18:24:28.272703 2024] [php:notice] [pid 71] [client 192.168.65.1:48096] Requ\xc3\xaate re\xc3\xa7ue : /api/articles/trier/nom
[Wed Aug 14 18:24:30.286648 2024] [php:notice] [pid 47] [client 192.168.65.1:40186] Requ\xc3\xaate re\xc3\xa7ue : /api/articles/trier/prix/ASC
[Wed Aug 14 18:24:32.507273 2024] [php:notice] [pid 74] [client 192.168.65.1:62610] Requ\xc3\xaate re\xc3\xa7ue : /api/articles/trier/prix/DESC
[Wed Aug 14 18:24:34.400285 2024] [php:notice] [pid 62] [client 192.168.65.1:34411] Requ\xc3\xaate re\xc3\xa7ue : /api/articles/trier/date_ajout
[Wed Aug 14 18:24:37.096112 2024] [php:notice] [pid 57] [client 192.168.65.1:60777] Requ\xc3\xaate re\xc3\xa7ue : /api/articles/categories/Electronique
[Wed Aug 14 18:24:39.080875 2024] [php:notice] [pid 45] [client 192.168.65.1:38258] Requ\xc3\xaate re\xc3\xa7ue : /api/articles/categories/Vetements
[Wed Aug 14 18:24:42.464880 2024] [php:notice] [pid 73] [client 192.168.65.1:56002] Requ\xc3\xaate re\xc3\xa7ue : /api/articles/categories/Sport
[Wed Aug 14 18:24:44.790196 2024] [php:notice] [pid 70] [client 192.168.65.1:57951] Requ\xc3\xaate re\xc3\xa7ue : /api/articles/categories/Education
[Wed Aug 14 18:26:42.960016 2024] [php:notice] [pid 71] [client 192.168.65.1:41700] Requ\xc3\xaate re\xc3\xa7ue : /api/articles/categories/Educatif, referer: http://localhost:8888/articles.php?type=Educatif
[Wed Aug 14 18:26:48.069224 2024] [php:notice] [pid 47] [client 192.168.65.1:49197] Requ\xc3\xaate re\xc3\xa7ue : /api/articles/categories/Educatif, referer: http://localhost:8888/articles.php?type=Educatif
[Wed Aug 14 18:27:06.316458 2024] [php:notice] [pid 66] [client 192.168.65.1:33835] Requ\xc3\xaate re\xc3\xa7ue : /
[Wed Aug 14 18:27:08.982586 2024] [php:notice] [pid 66] [client 192.168.65.1:33835] Requ\xc3\xaate re\xc3\xa7ue : /api/articles, referer: http://localhost:8888/articles.php
[Wed Aug 14 18:27:10.185849 2024] [php:notice] [pid 66] [client 192.168.65.1:33835] Requ\xc3\xaate re\xc3\xa7ue : /api/articles/categories/Education, referer: http://localhost:8888/articles.php?type=Education
[Wed Aug 14 18:27:24.242502 2024] [php:notice] [pid 70] [client 192.168.65.1:29713] Requ\xc3\xaate re\xc3\xa7ue : /api/articles/categories/Sport
[Wed Aug 14 18:27:26.049679 2024] [php:notice] [pid 71] [client 192.168.65.1:29775] Requ\xc3\xaate re\xc3\xa7ue : /api/articles/categories/Education
[Wed Aug 14 18:27:31.277564 2024] [php:notice] [pid 47] [client 192.168.65.1:45279] Requ\xc3\xaate re\xc3\xa7ue : /api/articles/categories/Accessoires
[Wed Aug 14 18:27:35.422630 2024] [php:notice] [pid 76] [client 192.168.65.1:47914] Requ\xc3\xaate re\xc3\xa7ue : /api/articles/categories/Decorations
[Wed Aug 14 18:27:38.062288 2024] [php:notice] [pid 57] [client 192.168.65.1:39042] Requ\xc3\xaate re\xc3\xa7ue : /api/articles/categories/Sante%20et%20beaute
[Wed Aug 14 18:30:05.927760 2024] [php:notice] [pid 74] [client 192.168.65.1:18793] Requ\xc3\xaate re\xc3\xa7ue : /api/articles
[Wed Aug 14 18:30:08.669202 2024] [php:notice] [pid 62] [client 192.168.65.1:27359] Requ\xc3\xaate re\xc3\xa7ue : /api/articles/categories/Sante%20et%20beaute
[Wed Aug 14 18:30:58.519536 2024] [php:notice] [pid 65] [client 192.168.65.1:52390] Requ\xc3\xaate re\xc3\xa7ue : /api/articles
[Wed Aug 14 18:31:01.613478 2024] [php:notice] [pid 45] [client 192.168.65.1:30336] Requ\xc3\xaate re\xc3\xa7ue : /api/articles/categories/Sante%20et%20beaute
[Wed Aug 14 18:31:51.672317 2024] [php:notice] [pid 66] [client 192.168.65.1:64854] Requ\xc3\xaate re\xc3\xa7ue : /
[Wed Aug 14 18:31:53.544185 2024] [php:notice] [pid 66] [client 192.168.65.1:64854] Requ\xc3\xaate re\xc3\xa7ue : /api/utilisateurs/1
[Wed Aug 14 18:31:55.250997 2024] [php:notice] [pid 66] [client 192.168.65.1:64854] Requ\xc3\xaate re\xc3\xa7ue : /api/articles
[Wed Aug 14 18:32:06.567310 2024] [php:notice] [pid 70] [client 192.168.65.1:18741] Requ\xc3\xaate re\xc3\xa7ue : /api/articles/categories/Sante+et+beaute
[Wed Aug 14 18:32:12.245563 2024] [php:notice] [pid 71] [client 192.168.65.1:23432] Requ\xc3\xaate re\xc3\xa7ue : /api/articles/categories/Sante+et+beaute
[Wed Aug 14 18:32:14.001407 2024] [php:notice] [pid 71] [client 192.168.65.1:23432] Requ\xc3\xaate re\xc3\xa7ue : /api/articles/categories/Electronique
[Wed Aug 14 18:34:14.592250 2024] [php:notice] [pid 47] [client 192.168.65.1:53237] Requ\xc3\xaate re\xc3\xa7ue : /api/articles/categories/Electronique
[Wed Aug 14 18:34:22.739518 2024] [php:notice] [pid 76] [client 192.168.65.1:24120] Requ\xc3\xaate re\xc3\xa7ue : /api/articles/categories/Sante%20et%20beaute
[Wed Aug 14 18:35:59.284999 2024] [php:notice] [pid 57] [client 192.168.65.1:56727] Requ\xc3\xaate re\xc3\xa7ue : /api/articles/categories/Sant%C3%A9%20et%20beaute
[Wed Aug 14 18:36:12.214946 2024] [php:notice] [pid 74] [client 192.168.65.1:37840] Requ\xc3\xaate re\xc3\xa7ue : /api/articles/categories/Sant%C3%A9%20et%20beaute
[Wed Aug 14 18:37:13.401776 2024] [php:notice] [pid 62] [client 192.168.65.1:49867] Requ\xc3\xaate re\xc3\xa7ue : /api/articles/categories/Sante%20et%20beaute
[Wed Aug 14 18:37:16.800691 2024] [php:notice] [pid 62] [client 192.168.65.1:49867] Requ\xc3\xaate re\xc3\xa7ue : /api/articles/categories/Sante%20et%20beaute
[Wed Aug 14 18:39:08.210808 2024] [php:notice] [pid 65] [client 192.168.65.1:42250] Requ\xc3\xaate re\xc3\xa7ue : /api/articles/categories/Electronique
[Wed Aug 14 18:39:08.983293 2024] [php:notice] [pid 65] [client 192.168.65.1:42250] Requ\xc3\xaate re\xc3\xa7ue : /api/articles/categories/Electronique
[Wed Aug 14 18:39:15.240721 2024] [php:notice] [pid 45] [client 192.168.65.1:28860] Requ\xc3\xaate re\xc3\xa7ue : /api/articles/categories/Sante%20et%20beaute
[Wed Aug 14 18:40:45.986974 2024] [php:notice] [pid 66] [client 192.168.65.1:53002] Requ\xc3\xaate re\xc3\xa7ue : /api/articles/categories/Sante%20et%20beaute
[Wed Aug 14 18:41:09.459491 2024] [php:notice] [pid 70] [client 192.168.65.1:37076] Requ\xc3\xaate re\xc3\xa7ue : /api/articles/categories/Sante%20et%20beaute
[Wed Aug 14 18:41:13.597059 2024] [php:notice] [pid 71] [client 192.168.65.1:53263] Requ\xc3\xaate re\xc3\xa7ue : /api/articles/categories/Electronique
[Wed Aug 14 18:41:15.356414 2024] [php:notice] [pid 47] [client 192.168.65.1:33609] Requ\xc3\xaate re\xc3\xa7ue : /api/articles/categories/Decorations
[Wed Aug 14 18:41:18.217710 2024] [php:notice] [pid 76] [client 192.168.65.1:19292] Requ\xc3\xaate re\xc3\xa7ue : /api/articles/categories/Sante%20et%20beaute
[Wed Aug 14 18:41:43.726777 2024] [php:notice] [pid 62] [client 192.168.65.1:50600] Requ\xc3\xaate re\xc3\xa7ue : /
[Wed Aug 14 18:41:46.288984 2024] [php:notice] [pid 62] [client 192.168.65.1:50600] Requ\xc3\xaate re\xc3\xa7ue : /api/articles, referer: http://localhost:8888/articles.php
[Wed Aug 14 18:41:47.746282 2024] [php:notice] [pid 62] [client 192.168.65.1:50600] Requ\xc3\xaate re\xc3\xa7ue : /api/articles/categories/Sante%20et%20beaute, referer: http://localhost:8888/articles.php?type=Sante+et+beaute
[Wed Aug 14 18:41:49.507086 2024] [php:notice] [pid 62] [client 192.168.65.1:50600] Requ\xc3\xaate re\xc3\xa7ue : /api/articles/categories/Decorations, referer: http://localhost:8888/articles.php?type=Decorations
[Wed Aug 14 18:41:50.258744 2024] [php:notice] [pid 62] [client 192.168.65.1:50600] Requ\xc3\xaate re\xc3\xa7ue : /api/articles/categories/Sante%20et%20beaute, referer: http://localhost:8888/articles.php?type=Sante+et+beaute
[Wed Aug 14 18:41:54.783583 2024] [php:notice] [pid 62] [client 192.168.65.1:50600] Requ\xc3\xaate re\xc3\xa7ue : /
[Wed Aug 14 18:41:56.310207 2024] [php:notice] [pid 62] [client 192.168.65.1:50600] Requ\xc3\xaate re\xc3\xa7ue : /api/articles/categories/Sante%20et%20beaute
[Wed Aug 14 18:42:00.244134 2024] [php:notice] [pid 62] [client 192.168.65.1:50600] Requ\xc3\xaate re\xc3\xa7ue : /api/articles/categories/Sante%20et%20beaute
[Wed Aug 14 18:42:01.022967 2024] [php:notice] [pid 62] [client 192.168.65.1:50600] Requ\xc3\xaate re\xc3\xa7ue : /api/articles/categories/Sante+et+beaute
[Wed Aug 14 18:44:27.428976 2024] [php:notice] [pid 76] [client 192.168.65.1:44502] Requ\xc3\xaate re\xc3\xa7ue : /api/articles, referer: http://localhost:8888/articles.php
[Wed Aug 14 18:44:32.554546 2024] [php:notice] [pid 45] [client 192.168.65.1:25215] Requ\xc3\xaate re\xc3\xa7ue : /api/articles/categories/Vetements, referer: http://localhost:8888/articles.php?type=Vetements
[Wed Aug 14 18:44:33.774566 2024] [php:notice] [pid 45] [client 192.168.65.1:25215] Requ\xc3\xaate re\xc3\xa7ue : /api/articles/categories/Electronique, referer: http://localhost:8888/articles.php?type=Electronique
[Wed Aug 14 18:44:34.574001 2024] [php:notice] [pid 45] [client 192.168.65.1:25215] Requ\xc3\xaate re\xc3\xa7ue : /api/articles/categories/Sport, referer: http://localhost:8888/articles.php?type=Sport
[Wed Aug 14 18:44:35.335665 2024] [php:notice] [pid 45] [client 192.168.65.1:25215] Requ\xc3\xaate re\xc3\xa7ue : /api/articles/categories/Education, referer: http://localhost:8888/articles.php?type=Education
[Wed Aug 14 18:44:36.006659 2024] [php:notice] [pid 45] [client 192.168.65.1:25215] Requ\xc3\xaate re\xc3\xa7ue : /api/articles/categories/Accessoires, referer: http://localhost:8888/articles.php?type=Accessoires
[Wed Aug 14 18:44:36.652458 2024] [php:notice] [pid 45] [client 192.168.65.1:25215] Requ\xc3\xaate re\xc3\xa7ue : /api/articles/categories/Decorations, referer: http://localhost:8888/articles.php?type=Decorations
[Wed Aug 14 18:44:37.269804 2024] [php:notice] [pid 45] [client 192.168.65.1:25215] Requ\xc3\xaate re\xc3\xa7ue : /api/articles/categories/Sante%20et%20beaute, referer: http://localhost:8888/articles.php?type=Sante+et+beaute
[Wed Aug 14 18:44:43.915467 2024] [php:notice] [pid 66] [client 192.168.65.1:32048] Requ\xc3\xaate re\xc3\xa7ue : /api/articles/categories/Electronique
[Wed Aug 14 18:44:48.207147 2024] [php:notice] [pid 62] [client 192.168.65.1:54036] Requ\xc3\xaate re\xc3\xa7ue : /api/articles/categories/Vetements, referer: http://localhost:8888/articles.php?type=Vetements
[Wed Aug 14 18:48:48.524250 2024] [php:notice] [pid 78] [client 192.168.65.1:57467] Requ\xc3\xaate re\xc3\xa7ue : /api/articles/categories/Vetements, referer: http://localhost:8888/articles.php?type=Vetements
[Wed Aug 14 18:48:50.088553 2024] [php:notice] [pid 78] [client 192.168.65.1:57467] Requ\xc3\xaate re\xc3\xa7ue : /api/articles/categories/Vetements, referer: http://localhost:8888/articles.php?type=Vetements
[Wed Aug 14 18:48:54.381598 2024] [php:notice] [pid 78] [client 192.168.65.1:57467] Requ\xc3\xaate re\xc3\xa7ue : /
[Wed Aug 14 18:48:56.505441 2024] [php:notice] [pid 78] [client 192.168.65.1:57467] Requ\xc3\xaate re\xc3\xa7ue : /api/articles, referer: http://localhost:8888/articles.php
[Wed Aug 14 18:49:01.360678 2024] [php:notice] [pid 77] [client 192.168.65.1:36408] Requ\xc3\xaate re\xc3\xa7ue : /
[Wed Aug 14 18:49:03.800249 2024] [php:notice] [pid 77] [client 192.168.65.1:36408] Requ\xc3\xaate re\xc3\xa7ue : /api/articles, referer: http://localhost:8888/articles.php
[Wed Aug 14 18:49:56.402971 2024] [php:notice] [pid 57] [client 192.168.65.1:25549] Requ\xc3\xaate re\xc3\xa7ue : /api/articles, referer: http://localhost:8888/articles.php
[Wed Aug 14 18:50:04.610338 2024] [php:notice] [pid 66] [client 192.168.65.1:56421] Requ\xc3\xaate re\xc3\xa7ue : /api/articles/categories/Electronique, referer: http://localhost:8888/articles.php?type=Electronique
[Wed Aug 14 18:51:22.329450 2024] [php:notice] [pid 70] [client 192.168.65.1:18648] Requ\xc3\xaate re\xc3\xa7ue : /api/articles
[Wed Aug 14 18:52:14.315538 2024] [php:notice] [pid 74] [client 192.168.65.1:38641] Requ\xc3\xaate re\xc3\xa7ue : /api/articles
[Wed Aug 14 18:52:31.750027 2024] [php:notice] [pid 80] [client 192.168.65.1:32284] Requ\xc3\xaate re\xc3\xa7ue : /api/utilisateurs/0
[Wed Aug 14 18:56:38.321700 2024] [php:notice] [pid 45] [client 192.168.65.1:40925] Requ\xc3\xaate re\xc3\xa7ue : /api/articles
[Wed Aug 14 18:56:52.796953 2024] [php:notice] [pid 77] [client 192.168.65.1:39517] Requ\xc3\xaate re\xc3\xa7ue : /api/articles
[Wed Aug 14 18:56:54.888513 2024] [php:notice] [pid 78] [client 192.168.65.1:35617] Requ\xc3\xaate re\xc3\xa7ue : /api/utilisateurs/8
[Wed Aug 14 19:07:29.043473 2024] [php:notice] [pid 79] [client 192.168.65.1:33245] Requ\xc3\xaate re\xc3\xa7ue : /api/articles
[Wed Aug 14 19:07:30.802470 2024] [php:notice] [pid 57] [client 192.168.65.1:54615] Requ\xc3\xaate re\xc3\xa7ue : /api/utilisateurs/4
[Wed Aug 14 19:08:55.298618 2024] [php:notice] [pid 71] [client 192.168.65.1:43208] Requ\xc3\xaate re\xc3\xa7ue : /api/articles
[Wed Aug 14 19:08:56.801879 2024] [php:notice] [pid 66] [client 192.168.65.1:50389] Requ\xc3\xaate re\xc3\xa7ue : /api/utilisateurs/1
[Wed Aug 14 19:10:38.034092 2024] [php:notice] [pid 70] [client 192.168.65.1:58577] Requ\xc3\xaate re\xc3\xa7ue : /api/articles
[Wed Aug 14 19:10:40.436542 2024] [php:notice] [pid 74] [client 192.168.65.1:20306] Requ\xc3\xaate re\xc3\xa7ue : /api/utilisateurs/9
[Wed Aug 14 19:11:00.939225 2024] [php:notice] [pid 80] [client 192.168.65.1:18800] Requ\xc3\xaate re\xc3\xa7ue : /api/articles
[Wed Aug 14 19:11:02.604617 2024] [php:notice] [pid 45] [client 192.168.65.1:18959] Requ\xc3\xaate re\xc3\xa7ue : /api/utilisateurs/2
[Wed Aug 14 19:12:11.504576 2024] [php:notice] [pid 78] [client 192.168.65.1:29836] Requ\xc3\xaate re\xc3\xa7ue : /api/articles
[Wed Aug 14 19:12:13.056320 2024] [php:notice] [pid 57] [client 192.168.65.1:23354] Requ\xc3\xaate re\xc3\xa7ue : /api/utilisateurs/2
[Wed Aug 14 19:13:03.783479 2024] [php:notice] [pid 79] [client 192.168.65.1:35536] Requ\xc3\xaate re\xc3\xa7ue : /
[Wed Aug 14 19:13:05.470831 2024] [php:notice] [pid 79] [client 192.168.65.1:35536] Requ\xc3\xaate re\xc3\xa7ue : /api/articles/categories/Sante%20et%20beaute
[Wed Aug 14 19:13:06.571268 2024] [php:notice] [pid 79] [client 192.168.65.1:35536] Requ\xc3\xaate re\xc3\xa7ue : /api/utilisateurs/1
[Wed Aug 14 19:13:35.674843 2024] [php:notice] [pid 74] [client 192.168.65.1:54067] Requ\xc3\xaate re\xc3\xa7ue : /api/utilisateurs/2
[Wed Aug 14 19:13:54.943570 2024] [php:notice] [pid 70] [client 192.168.65.1:39546] Requ\xc3\xaate re\xc3\xa7ue : /api/articles
[Wed Aug 14 19:14:00.514356 2024] [php:notice] [pid 45] [client 192.168.65.1:36227] Requ\xc3\xaate re\xc3\xa7ue : /api/utilisateurs/9
[Wed Aug 14 19:14:03.813473 2024] [php:notice] [pid 80] [client 192.168.65.1:40422] Requ\xc3\xaate re\xc3\xa7ue : /api/utilisateurs/9
[Wed Aug 14 19:14:26.957401 2024] [php:notice] [pid 57] [client 192.168.65.1:43768] Requ\xc3\xaate re\xc3\xa7ue : /api/articles
[Wed Aug 14 19:14:28.222225 2024] [php:notice] [pid 78] [client 192.168.65.1:59542] Requ\xc3\xaate re\xc3\xa7ue : /api/utilisateurs/9
[Wed Aug 14 19:17:27.703518 2024] [php:notice] [pid 71] [client 192.168.65.1:17063] Requ\xc3\xaate re\xc3\xa7ue : /api/articles
[Wed Aug 14 19:17:30.929720 2024] [php:notice] [pid 79] [client 192.168.65.1:23140] Requ\xc3\xaate re\xc3\xa7ue : /api/utilisateurs/9
[Wed Aug 14 19:17:55.440464 2024] [php:notice] [pid 66] [client 192.168.65.1:49082] Requ\xc3\xaate re\xc3\xa7ue : /api/searcharticle?search=grille, referer: http://localhost:8888/articles.php?search=grille
[Wed Aug 14 19:18:52.319618 2024] [php:notice] [pid 74] [client 192.168.65.1:25551] Requ\xc3\xaate re\xc3\xa7ue : /api/articles
[Wed Aug 14 19:18:55.364490 2024] [php:notice] [pid 70] [client 192.168.65.1:22578] Requ\xc3\xaate re\xc3\xa7ue : /api/utilisateurs/3
[Wed Aug 14 19:19:13.393080 2024] [php:notice] [pid 45] [client 192.168.65.1:36143] Requ\xc3\xaate re\xc3\xa7ue : /api/articles
[Wed Aug 14 19:19:15.594225 2024] [php:notice] [pid 80] [client 192.168.65.1:21106] Requ\xc3\xaate re\xc3\xa7ue : /api/utilisateurs/9
[Wed Aug 14 22:23:47.329481 2024] [php:notice] [pid 57] [client 192.168.65.1:27951] Requ\xc3\xaate re\xc3\xa7ue : /api/articles
[Wed Aug 14 22:23:49.169858 2024] [php:notice] [pid 77] [client 192.168.65.1:51068] Requ\xc3\xaate re\xc3\xa7ue : /api/utilisateurs/1
[Wed Aug 14 22:23:53.361862 2024] [php:notice] [pid 78] [client 192.168.65.1:50867] Requ\xc3\xaate re\xc3\xa7ue : /api/articles
[Wed Aug 14 22:23:54.333040 2024] [php:notice] [pid 71] [client 192.168.65.1:60582] Requ\xc3\xaate re\xc3\xa7ue : /api/utilisateurs/1
[Wed Aug 14 22:24:51.902798 2024] [php:notice] [pid 79] [client 192.168.65.1:52899] Requ\xc3\xaate re\xc3\xa7ue : /api/articles
[Wed Aug 14 22:24:53.546460 2024] [php:notice] [pid 66] [client 192.168.65.1:17323] Requ\xc3\xaate re\xc3\xa7ue : /api/utilisateurs/9
[Wed Aug 14 22:25:13.128558 2024] [php:notice] [pid 74] [client 192.168.65.1:34015] Requ\xc3\xaate re\xc3\xa7ue : /api/articles
[Wed Aug 14 22:25:15.656917 2024] [php:notice] [pid 70] [client 192.168.65.1:53733] Requ\xc3\xaate re\xc3\xa7ue : /api/utilisateurs/3
[Wed Aug 14 22:27:10.527163 2024] [php:notice] [pid 45] [client 192.168.65.1:49438] Requ\xc3\xaate re\xc3\xa7ue : /api/articles
[Wed Aug 14 22:27:12.174254 2024] [php:notice] [pid 80] [client 192.168.65.1:37259] Requ\xc3\xaate re\xc3\xa7ue : /api/utilisateurs/2
[Wed Aug 14 22:27:14.983395 2024] [php:notice] [pid 57] [client 192.168.65.1:17406] Requ\xc3\xaate re\xc3\xa7ue : /api/articles
[Wed Aug 14 22:27:15.951324 2024] [php:notice] [pid 77] [client 192.168.65.1:23529] Requ\xc3\xaate re\xc3\xa7ue : /api/utilisateurs/1
[Wed Aug 14 22:27:20.843151 2024] [php:notice] [pid 78] [client 192.168.65.1:44897] Requ\xc3\xaate re\xc3\xa7ue : /api/utilisateurs/1
[Wed Aug 14 22:27:22.469542 2024] [php:notice] [pid 71] [client 192.168.65.1:37805] Requ\xc3\xaate re\xc3\xa7ue : /api/articles
[Wed Aug 14 22:27:28.190701 2024] [php:notice] [pid 79] [client 192.168.65.1:55048] Requ\xc3\xaate re\xc3\xa7ue : /api/utilisateurs/1
[Wed Aug 14 22:28:28.025934 2024] [php:notice] [pid 66] [client 192.168.65.1:42852] Requ\xc3\xaate re\xc3\xa7ue : /api/articles
[Wed Aug 14 22:28:30.026058 2024] [php:notice] [pid 70] [client 192.168.65.1:39958] Requ\xc3\xaate re\xc3\xa7ue : /api/utilisateurs/6
[Wed Aug 14 22:34:27.759592 2024] [php:notice] [pid 45] [client 192.168.65.1:53913] Requ\xc3\xaate re\xc3\xa7ue : /api/articles
[Wed Aug 14 22:34:29.112960 2024] [php:notice] [pid 57] [client 192.168.65.1:63253] Requ\xc3\xaate re\xc3\xa7ue : /api/utilisateurs/7
[Wed Aug 14 22:34:30.371475 2024] [php:notice] [pid 77] [client 192.168.65.1:45138] Requ\xc3\xaate re\xc3\xa7ue : /api/articles
[Wed Aug 14 22:36:04.614792 2024] [php:notice] [pid 78] [client 192.168.65.1:54859] Requ\xc3\xaate re\xc3\xa7ue : /api/articles
[Wed Aug 14 22:40:05.368774 2024] [php:notice] [pid 71] [client 192.168.65.1:35638] Requ\xc3\xaate re\xc3\xa7ue : /api/articles
[Wed Aug 14 22:40:06.770249 2024] [php:notice] [pid 79] [client 192.168.65.1:43999] Requ\xc3\xaate re\xc3\xa7ue : /api/utilisateurs/2
[Wed Aug 14 22:40:08.282483 2024] [php:notice] [pid 66] [client 192.168.65.1:35936] Requ\xc3\xaate re\xc3\xa7ue : /api/articles
[Wed Aug 14 22:40:34.221394 2024] [php:notice] [pid 74] [client 192.168.65.1:29485] Requ\xc3\xaate re\xc3\xa7ue : /api/articles
[Wed Aug 14 22:41:03.169883 2024] [php:notice] [pid 70] [client 192.168.65.1:45535] Requ\xc3\xaate re\xc3\xa7ue : /api/articles
[Wed Aug 14 22:41:04.846346 2024] [php:notice] [pid 45] [client 192.168.65.1:53160] Requ\xc3\xaate re\xc3\xa7ue : /api/utilisateurs/2
[Wed Aug 14 22:41:06.089021 2024] [php:notice] [pid 80] [client 192.168.65.1:19249] Requ\xc3\xaate re\xc3\xa7ue : /api/articles
[Wed Aug 14 22:41:48.574210 2024] [php:notice] [pid 57] [client 192.168.65.1:20878] Requ\xc3\xaate re\xc3\xa7ue : /api/articles
[Wed Aug 14 22:41:50.010159 2024] [php:notice] [pid 77] [client 192.168.65.1:65238] Requ\xc3\xaate re\xc3\xa7ue : /api/utilisateurs/5
[Wed Aug 14 22:41:51.136862 2024] [php:notice] [pid 78] [client 192.168.65.1:47998] Requ\xc3\xaate re\xc3\xa7ue : /api/articles
[Wed Aug 14 22:47:51.283384 2024] [php:notice] [pid 71] [client 192.168.65.1:63115] Requ\xc3\xaate re\xc3\xa7ue : /api/articles
[Wed Aug 14 22:47:52.790747 2024] [php:notice] [pid 79] [client 192.168.65.1:62039] Requ\xc3\xaate re\xc3\xa7ue : /api/utilisateurs/9
[Wed Aug 14 22:47:54.473612 2024] [php:notice] [pid 66] [client 192.168.65.1:24000] Requ\xc3\xaate re\xc3\xa7ue : /api/articles
[Wed Aug 14 22:48:49.662031 2024] [php:notice] [pid 74] [client 192.168.65.1:59867] Requ\xc3\xaate re\xc3\xa7ue : /api/articles
[Wed Aug 14 22:48:50.878982 2024] [php:notice] [pid 70] [client 192.168.65.1:46902] Requ\xc3\xaate re\xc3\xa7ue : /api/utilisateurs/8
[Wed Aug 14 22:48:52.084987 2024] [php:notice] [pid 45] [client 192.168.65.1:28499] Requ\xc3\xaate re\xc3\xa7ue : /api/articles
